 srdbg

 Timestamp is 59a7dd10 (Thu Aug 31 17:55:28 2017)

 Preferred load address is 10000000

 Start         Length     Name                   Class
 0001:00000000 00017d50H .text$di                CODE
 0001:00017d50 000ce2b0H .text$mn                CODE
 0001:000e6000 0000124aH .text$x                 CODE
 0002:00000000 00000104H .CRT$XCA                DATA
 0002:00000104 0000011cH .CRT$XCU                DATA
 0002:00000220 00000104H .CRT$XCZ                DATA
 0002:00000324 00000104H .CRT$XIA                DATA
 0002:00000428 00000110H .CRT$XIC                DATA
 0002:00000538 00000104H .CRT$XIZ                DATA
 0002:0000063c 00000104H .CRT$XPA                DATA
 0002:00000740 0000010cH .CRT$XPX                DATA
 0002:0000084c 00000104H .CRT$XPXA               DATA
 0002:00000950 00000104H .CRT$XPZ                DATA
 0002:00000a54 00000104H .CRT$XTA                DATA
 0002:00000b58 00000108H .CRT$XTZ                DATA
 0002:00000c60 00034ff4H .rdata                  DATA
 0002:00035c54 000008bcH .rdata$r                DATA
 0002:00036510 00000144H .rdata$sxdata           DATA
 0002:00036654 00000164H .rdata$zzzdbg           DATA
 0002:000367b8 00000104H .rtc$IAA                DATA
 0002:000368bc 0000018cH .rtc$IMZ                DATA
 0002:00036a48 00000104H .rtc$IZZ                DATA
 0002:00036b4c 00000104H .rtc$TAA                DATA
 0002:00036c50 0000018cH .rtc$TMZ                DATA
 0002:00036ddc 00000104H .rtc$TZZ                DATA
 0002:00036ee0 000013d0H .xdata$x                DATA
 0002:000382b0 0000017eH .edata                  DATA
 0003:00000000 00019538H .data                   DATA
 0003:00019538 000003a0H .data$r                 DATA
 0003:000198d8 00002764H .bss                    DATA
 0004:00000000 0000056cH .idata$5                DATA
 0004:0000056c 000000a0H .idata$2                DATA
 0004:0000060c 00000014H .idata$3                DATA
 0004:00000620 0000056cH .idata$4                DATA
 0004:00000b8c 000010f9H .idata$6                DATA
 0005:00000000 00009c2cH .pcode                  DATA
 0006:00000000 00002861H PVM                     DATA
 0007:00000000 00000104H .00cfg                  DATA
 0008:00000000 000009f0H .rsrc$01                DATA
 0008:000009f0 0001829cH .rsrc$02                DATA

  Address         Publics by Value              Rva+Base       Lib:Object

 0000:00000000       __except_list              00000000     <absolute>
 0000:00000000       ___guard_iat_table         00000000     <absolute>
 0000:00000000       ___dynamic_value_reloc_table 00000000     <absolute>
 0000:00000000       ___guard_longjmp_table     00000000     <absolute>
 0000:00000000       ___enclave_config          00000000     <absolute>
 0000:00000000       ___hybrid_auxiliary_iat    00000000     <absolute>
 0000:00000000       ___hybrid_code_map_count   00000000     <absolute>
 0000:00000000       ___guard_iat_count         00000000     <absolute>
 0000:00000000       ___guard_fids_count        00000000     <absolute>
 0000:00000000       ___guard_longjmp_count     00000000     <absolute>
 0000:00000000       ___guard_fids_table        00000000     <absolute>
 0000:00000000       ___hybrid_code_map         00000000     <absolute>
 0000:0000000e       ___safe_se_handler_count   0000000e     <absolute>
 0000:00000100       ___guard_flags             00000100     <absolute>
 0000:00000000       ___ImageBase               10000000     <linker-defined>
 0001:00017e80       ?CreateForm@MC_Disasm@@EAEPAUHWND__@@HHHHPA_WK@Z 10018e80 f   DisasmForm.obj
 0001:00018000       ?GetItemByIndex@MC_Disasm@@AAEPAU_DISASM_ITEM@@I@Z 10019000 f   DisasmForm.obj
 0001:00018030       ?GetItemByAddress@MC_Disasm@@AAEPAU_DISASM_ITEM@@PAX@Z 10019030 f   DisasmForm.obj
 0001:000180e0       ?GetItemIndexByAddress@MC_Disasm@@AAEIPAX@Z 100190e0 f   DisasmForm.obj
 0001:00018160       ?DelItemArray@MC_Disasm@@AAEXXZ 10019160 f   DisasmForm.obj
 0001:000181b0       ?SetScrollBar@MC_Disasm@@AAEXII@Z 100191b0 f   DisasmForm.obj
 0001:00018220       ??1MC_Disasm@@QAE@XZ       10019220 f   DisasmForm.obj
 0001:00018330       ?AssembleOfAddress@MC_Disasm@@QAEHPAXPAUt_asmmodel@@@Z 10019330 f   DisasmForm.obj
 0001:000188e0       ?DisasmOfAddress@MC_Disasm@@QAEHPAEK@Z 100198e0 f   DisasmForm.obj
 0001:00018d70       ?GotoAddress@MC_Disasm@@QAEHPAEK@Z 10019d70 f   DisasmForm.obj
 0001:00018de0       ?GetSelectLineAddress@MC_Disasm@@QAEPAXXZ 10019de0 f   DisasmForm.obj
 0001:00018e00       ?GetAsmTextByAddress@MC_Disasm@@QAEIPAXPA_WI@Z 10019e00 f   DisasmForm.obj
 0001:00018f20       ?GetOpLengthByAddress@MC_Disasm@@QAEIPAX@Z 10019f20 f   DisasmForm.obj
 0001:00018f70       ?RedrawForm@MC_Disasm@@QAEXXZ 10019f70 f   DisasmForm.obj
 0001:00019060       ?HitTest@MC_Disasm@@QAEPAU_DISASM_ITEM@@GG@Z 1001a060 f   DisasmForm.obj
 0001:00019110       ?disasmwndProc@MC_Disasm@@SGJPAUHWND__@@IIJ@Z 1001a110 f   DisasmForm.obj
 0001:0001a580       ??$__vcrt_va_start_verify_argument_type@QB_W@@YGXXZ 1001b580 f i DisasmForm.obj
 0001:0001a590       _IsolationAwareActivateActCtx@8 1001b590 f i DisasmForm.obj
 0001:0001a630       _IsolationAwareCreateActCtxW@4 1001b630 f i DisasmForm.obj
 0001:0001a6d0       _IsolationAwareCreateWindowExW@48 1001b6d0 f i DisasmForm.obj
 0001:0001a910       _IsolationAwareDeactivateActCtx@8 1001b910 f i DisasmForm.obj
 0001:0001a9b0       _IsolationAwareDialogBoxParamW@20 1001b9b0 f i DisasmForm.obj
 0001:0001abc0       _IsolationAwarePrivatenPgViNgRzlnPgpgk@4 1001bbc0 f i DisasmForm.obj
 0001:0001acd0       _IsolationAwarePrivatezltRgCebPnQQeRff@12 1001bcd0 f i DisasmForm.obj
 0001:0001ae80       _IsolationAwarePrivatezltRgzbQhYRuNaQYRJ@4 1001be80 f i DisasmForm.obj
 0001:0001aeb0       _IsolationAwarePrivatezltRgzbQhYRuNaQYRn@4 1001beb0 f i DisasmForm.obj
 0001:0001aee0       _WinbaseIsolationAwarePrivatetRgzlnPgpgk@0 1001bee0 f i DisasmForm.obj
 0001:0001b510       ___local_stdio_printf_options 1001c510 f i DisasmForm.obj
 0001:0001b520       _swprintf_s                1001c520 f i DisasmForm.obj
 0001:0001b5d0       ??1FloatDialog@@QAE@XZ     1001c5d0 f   FloatForm.obj
 0001:0001b620       ?GetMainhWnd@FloatDialog@@QAEPAUHWND__@@XZ 1001c620 f   FloatForm.obj
 0001:0001b640       ?SetTop@FloatDialog@@QAEHXZ 1001c640 f   FloatForm.obj
 0001:0001b680       ?DestroyForm@FloatDialog@@QAEHXZ 1001c680 f   FloatForm.obj
 0001:0001b720       ?UpdateThreadInfo@FW_RegWnd@@AAEXXZ 1001c720 f   FW_Register.obj
 0001:0001b890       ?UpdateRegistersByHandle@FW_RegWnd@@AAEXPAX@Z 1001c890 f   FW_Register.obj
 0001:0001c2f0       ?UpdateRegistersById@FW_RegWnd@@AAEXK@Z 1001d2f0 f   FW_Register.obj
 0001:0001c360       ?ResetRegistersText@FW_RegWnd@@AAEXXZ 1001d360 f   FW_Register.obj
 0001:0001c840       ??1FW_RegWnd@@QAE@XZ       1001d840 f   FW_Register.obj
 0001:0001c8a0       ?CreateForm@FW_RegWnd@@UAEPAUHWND__@@XZ 1001d8a0 f   FW_Register.obj
 0001:0001c940       ?fw_regwnd@FW_RegWnd@@SGHPAUHWND__@@IIJ@Z 1001d940 f   FW_Register.obj
 0001:0001d0a0       _IsolationAwareCreateDialogParamW@20 1001e0a0 f i FW_Register.obj
 0001:0001d2c0       ___local_stdio_scanf_options 1001e2c0 f i FW_Register.obj
 0001:0001d2d0       _swscanf_s                 1001e2d0 f i FW_Register.obj
 0001:0001d360       ?heapInsertColumn@MC_Heap@@AAEXXZ 1001e360 f   HeapForm.obj
 0001:0001d4d0       ?UpdateHeapList@MC_Heap@@AAEXXZ 1001e4d0 f   HeapForm.obj
 0001:0001d8b0       ??1MC_Heap@@QAE@XZ         1001e8b0 f   HeapForm.obj
 0001:0001d910       ?CreateForm@MC_Heap@@UAEPAUHWND__@@HHHHPA_WK@Z 1001e910 f   HeapForm.obj
 0001:0001da00       ?heapwndProc@MC_Heap@@SGJPAUHWND__@@IIJ@Z 1001ea00 f   HeapForm.obj
 0001:0001df50       ?InitVar@MainForm@@AAEXXZ  1001ef50 f   MainForm.obj
 0001:0001e100       ?LoadForm@MainForm@@AAEHXZ 1001f100 f   MainForm.obj
 0001:0001e9c0       ?DestroyHandle@MainForm@@AAEHXZ 1001f9c0 f   MainForm.obj
 0001:0001ef70       ?UnloadForm@MainForm@@AAEHXZ 1001ff70 f   MainForm.obj
 0001:0001efb0       ?MainProc@MainForm@@SGJPAUHWND__@@IIJ@Z 1001ffb0 f   MainForm.obj
 0001:000200d0       ?AddObjectList@MainForm@@QAEPAU_VB_OBJECT_LIST@@PAU2@@Z 100210d0 f   MainForm.obj
 0001:00020170       ?AddProcListByObject@MainForm@@QAEPAU_VB_PROC_LIST@@PAU_VB_OBJECT_LIST@@PAU2@@Z 10021170 f   MainForm.obj
 0001:00020220       ?AddProcListByName@MainForm@@QAEPAU_VB_PROC_LIST@@PA_WPAU2@@Z 10021220 f   MainForm.obj
 0001:000202b0       ?GetObjectListByObject@MainForm@@QAEPAU_VB_OBJECT_LIST@@PAU_VB_OBJECT@@@Z 100212b0 f   MainForm.obj
 0001:00020310       ?GetObjectListByName@MainForm@@QAEPAU_VB_OBJECT_LIST@@PA_W@Z 10021310 f   MainForm.obj
 0001:00020390       ?GetProcListByAddress@MainForm@@QAEPAU_VB_PROC_LIST@@PA_WPAU_VB_PROC_DESC_INFO@@@Z 10021390 f   MainForm.obj
 0001:00020470       ?SetStateText@MainForm@@QAEHPA_WK@Z 10021470 f   MainForm.obj
 0001:000205a0       ?SetDbgState@MainForm@@QAEXW4SRDBG_STATE@@@Z 100215a0 f   MainForm.obj
 0001:000206a0       ?GetDbgState@MainForm@@QAE?AW4SRDBG_STATE@@XZ 100216a0 f   MainForm.obj
 0001:000206c0       ?CreateForm@MainForm@@QAEPAUHWND__@@PA_WKPAUHINSTANCE__@@@Z 100216c0 f   MainForm.obj
 0001:00020770       ?GetMainWindow@MainForm@@QAEPAUHWND__@@XZ 10021770 f   MainForm.obj
 0001:00020790       ?Release@MainForm@@QAEXXZ  10021790 f   MainForm.obj
 0001:000212e0       ??0MC_Disasm@@QAE@PAUHWND__@@@Z 100222e0 f i MainForm.obj
 0001:00021510       _CommctrlIsolationAwarePrivatetRgCebPnQQeRff_pbZPgYQP_QYY@4 10022510 f i MainForm.obj
 0001:00021700       _IsolationAwareImageList_Create@20 10022700 f i MainForm.obj
 0001:00021980       _IsolationAwareImageList_Destroy@4 10022980 f i MainForm.obj
 0001:00021be0       _IsolationAwarePrivatezlybNQyVOeNelJ@4 10022be0 f i MainForm.obj
 0001:00021c10       _IsolationAwarePrivatezlybNQyVOeNeln@4 10022c10 f i MainForm.obj
 0001:00021c40       _IsolationAwareRegisterClassExW@4 10022c40 f i MainForm.obj
 0001:00021e40       _IsolationAwareUnregisterClassW@8 10022e40 f i MainForm.obj
 0001:00022040       ?AddProc@MC_PCodeProc@@AAEXPA_WPAXH@Z 10023040 f   PCodeForm.obj
 0001:00022100       ?GetProcAddrByName@MC_PCodeProc@@AAEPAXPA_W@Z 10023100 f   PCodeForm.obj
 0001:00022170       ?GetProcAddrByIndex@MC_PCodeProc@@AAEPAXH@Z 10023170 f   PCodeForm.obj
 0001:000221d0       ?DelAllProc@MC_PCodeProc@@AAEXXZ 100231d0 f   PCodeForm.obj
 0001:00022240       ?InsertColumn@MC_PCodeProc@@AAEXXZ 10023240 f   PCodeForm.obj
 0001:00022380       ?ClearList@MC_PCodeProc@@AAEXXZ 10023380 f   PCodeForm.obj
 0001:000223c0       ?UpdateList@MC_PCodeProc@@AAEXPAU_VB_PROC_DESC_INFO@@@Z 100233c0 f   PCodeForm.obj
 0001:00022800       ?CreateForm@MC_PCodeProc@@EAEPAUHWND__@@HHHHPA_WK@Z 10023800 f   PCodeForm.obj
 0001:000228f0       ?UpdateProc@MC_PCodeProc@@AAEXPA_W@Z 100238f0 f   PCodeForm.obj
 0001:00022e10       ??1MC_PCodeProc@@QAE@XZ    10023e10 f   PCodeForm.obj
 0001:00022e70       ?ParseHeader@MC_PCodeProc@@QAEHPAU_VB_HEADER@@@Z 10023e70 f   PCodeForm.obj
 0001:00023120       ?pcpwndProc@MC_PCodeProc@@SGJPAUHWND__@@IIJ@Z 10024120 f   PCodeForm.obj
 0001:00023cb0       ?scGetForeColor@@YGKK@Z    10024cb0 f   Procedure.obj
 0001:00023d10       ?scGetBackColor@@YGKK@Z    10024d10 f   Procedure.obj
 0001:00023d50       ?CommonUpdatelParam@@YGXPAUHWND__@@@Z 10024d50 f   Procedure.obj
 0001:00023e30       ?CheckMessageQueue@@YGHXZ  10024e30 f   Procedure.obj
 0001:00023f80       ?ShowCurrentFocus@@YGXPAUHWND__@@@Z 10024f80 f   Procedure.obj
 0001:00024160       ?memInsertColumn@MC_Memory@@AAEXXZ 10025160 f   MemoryForm.obj
 0001:000243c0       ?UpdateMemoryList@MC_Memory@@AAEXXZ 100253c0 f   MemoryForm.obj
 0001:00024a30       ??1MC_Memory@@QAE@XZ       10025a30 f   MemoryForm.obj
 0001:00024ac0       ?CreateForm@MC_Memory@@UAEPAUHWND__@@HHHHPA_WK@Z 10025ac0 f   MemoryForm.obj
 0001:00024bb0       ?memwndProc@MC_Memory@@SGJPAUHWND__@@IIJ@Z 10025bb0 f   MemoryForm.obj
 0001:000255c0       ?mdlInsertColumn@MC_Module@@AAEXXZ 100265c0 f   ModuleForm.obj
 0001:00025700       ?sctInsertColumn@MC_Module@@AAEXXZ 10026700 f   ModuleForm.obj
 0001:000258d0       ?UpdateModuleList@MC_Module@@AAEXXZ 100268d0 f   ModuleForm.obj
 0001:00025bf0       ?UpdateSectionInfo@MC_Module@@AAEXPAUHINSTANCE__@@@Z 10026bf0 f   ModuleForm.obj
 0001:00026160       ?UpdatelParam@MC_Module@@CGXPAUHWND__@@@Z 10027160 f   ModuleForm.obj
 0001:00026250       ?mdl_CompareFunc@MC_Module@@CGHJJJ@Z 10027250 f   ModuleForm.obj
 0001:000263e0       ??1MC_Module@@QAE@XZ       100273e0 f   ModuleForm.obj
 0001:00026440       ?CreateForm@MC_Module@@UAEPAUHWND__@@HHHHPA_WK@Z 10027440 f   ModuleForm.obj
 0001:00026530       ?GetModuleListhWnd@MC_Module@@QAEPAUHWND__@@XZ 10027530 f   ModuleForm.obj
 0001:00026550       ?mdlwndProc@MC_Module@@SGJPAUHWND__@@IIJ@Z 10027550 f   ModuleForm.obj
 0001:00027270       ?GotoAddrProc@@YGHPAUHWND__@@IIJ@Z 10028270 f   SubDialog.obj
 0001:00027600       ?AsmProc@@YGHPAUHWND__@@IIJ@Z 10028600 f   SubDialog.obj
 0001:00027aa0       ?AboutProc@@YGHPAUHWND__@@IIJ@Z 10028aa0 f   SubDialog.obj
 0001:00027d50       ?TimerProc@@YGXPAUHWND__@@IIK@Z 10028d50 f   SubDialog.obj
 0001:00028040       ?threadInsertColumn@MC_Thread@@AAEXXZ 10029040 f   ThreadForm.obj
 0001:000281b0       ?UpdateThreadList@MC_Thread@@AAEXXZ 100291b0 f   ThreadForm.obj
 0001:00028720       ??1MC_Thread@@QAE@XZ       10029720 f   ThreadForm.obj
 0001:00028780       ?CreateForm@MC_Thread@@UAEPAUHWND__@@HHHHPA_WK@Z 10029780 f   ThreadForm.obj
 0001:00028870       ?threadwndProc@MC_Thread@@SGJPAUHWND__@@IIJ@Z 10029870 f   ThreadForm.obj
 0001:00029340       ?ResetControl@MC_VBInfo@@AAEXXZ 1002a340 f   VbForm.obj
 0001:00029400       ?vbInsertColumn@MC_VBInfo@@AAEXK@Z 1002a400 f   VbForm.obj
 0001:00029620       ?RefreshStructList@MC_VBInfo@@AAEXXZ 1002a620 f   VbForm.obj
 0001:00029640       ??1MC_VBInfo@@QAE@XZ       1002a640 f   VbForm.obj
 0001:000296d0       ?CreateForm@MC_VBInfo@@UAEPAUHWND__@@HHHHPA_WK@Z 1002a6d0 f   VbForm.obj
 0001:000297c0       ?ParseHeader@MC_VBInfo@@QAEXPAU_VB_HEADER@@@Z 1002a7c0 f   VbForm.obj
 0001:0002ab90       ?ParseModule@MC_VBInfo@@QAEXPAX@Z 1002bb90 f   VbForm.obj
 0001:0002ad20       ?vbwndProc@MC_VBInfo@@SGJPAUHWND__@@IIJ@Z 1002bd20 f   VbForm.obj
 0001:0002bdb0       ?AddClassTable@@YGHPAUHWND__@@PAX@Z 1002cdb0 f   wndcls.obj
 0001:0002be40       ?GetClassPointer@@YGPAXPAUHWND__@@@Z 1002ce40 f   wndcls.obj
 0001:0002be80       ?DelClassTable@@YGHPAUHWND__@@@Z 1002ce80 f   wndcls.obj
 0001:0002bf80       ??1MDIForm@@QAE@XZ         1002cf80 f   wndcls.obj
 0001:0002bfd0       ?GetMainhWnd@MDIForm@@QAEPAUHWND__@@XZ 1002cfd0 f   wndcls.obj
 0001:0002bff0       ?SetTop@MDIForm@@QAEHXZ    1002cff0 f   wndcls.obj
 0001:0002c030       ?DestroyForm@MDIForm@@QAEHXZ 1002d030 f   wndcls.obj
 0001:0002c090       ?DrawCasmW@@YGHPAUHDC__@@PA_WIJPAUtagRECT@@I@Z 1002d090 f   wndcls.obj
 0001:0002c2e0       ?QueryForeColor@@YGKF@Z    1002d2e0 f   wndcls.obj
 0001:0002c450       ?QueryBackColor@@YGKF@Z    1002d450 f   wndcls.obj
 0001:0002c7c0       _DllMain@12                1002d7c0 f   dllmain.obj
 0001:0002c910       _IsolationAwareInitCommonControls@0 1002d910 f i dllmain.obj
 0001:0002cad0       ?StepInlineHook@@YGIPAUHINSTANCE__@@@Z 1002dad0 f   EntryFunc.obj
 0001:0002cd00       ?DllEntry@@YGHPAXK0@Z      1002dd00 f   EntryFunc.obj
 0001:0002cdf0       ?SR_SetVectoredExceptionHandler@@YGHP6GJPAU_EXCEPTION_POINTERS@@@Z@Z 1002ddf0 f   ExceptionHandler.obj
 0001:0002ce00       ?FirstExceptionHandler@@YGJPAU_EXCEPTION_POINTERS@@@Z 1002de00 f   ExceptionHandler.obj
 0001:0002ce10       ?LastExceptionHandler@@YGJPAU_EXCEPTION_POINTERS@@@Z 1002de10 f   ExceptionHandler.obj
 0001:0002cf60       ?TestFunc@@YGXK@Z          1002df60 f   g_func.obj
 0001:0002cf80       ?ImageList_Add32bpp@@YGHPAU_IMAGELIST@@PAUHINSTANCE__@@II@Z 1002df80 f   g_func.obj
 0001:0002d000       ?HitModule@@YGHPAXPAI1@Z   1002e000 f   g_func.obj
 0001:0002d0f0       ?GetThreadDescriptor@@YGHPAXKPAK1PAH@Z 1002e0f0 f   g_func.obj
 0001:0002d1f0       ?GetModuleSize@@YGIPAUHINSTANCE__@@H@Z 1002e1f0 f   g_func.obj
 0001:0002d3b0       ?GetModuleEntry@@YGIPAUHINSTANCE__@@@Z 1002e3b0 f   g_func.obj
 0001:0002d4d0       ?GetSectionBaseAddr@@YGHHPAK0@Z 1002e4d0 f   g_func.obj
 0001:0002d740       ?GetFileName@@YGXPA_W@Z    1002e740 f   g_func.obj
 0001:0002d890       ?GetSectionName@@YGXPAUHINSTANCE__@@PAXPAD@Z 1002e890 f   g_func.obj
 0001:0002da20       ?GetPageProtectString@@YGXKPA_WK@Z 1002ea20 f   g_func.obj
 0001:0002dc10       ?GetThreadInformation@@YGKPAXW4_THREADINFOCLASS@@0K@Z 1002ec10 f   g_func.obj
 0001:0002dcf0       ?GetThreadStartAddress@@YGKPAX@Z 1002ecf0 f   g_func.obj
 0001:0002dd80       ?GetThreadEnvironmentBlockAddress@@YGPAXPAX@Z 1002ed80 f   g_func.obj
 0001:0002de10       ?GetThreadState@@YG?AW4SRDBG_TS@@KK@Z 1002ee10 f   g_func.obj
 0001:0002e0c0       ?FindMemory@@YGIPAEIPAU_CMP_BYTE@@IH@Z 1002f0c0 f   g_func.obj
 0001:0002e140       ?casmlen@@YGIPA_WI@Z       1002f140 f   g_func.obj
 0001:0002e1f0       ?casmcpy@@YGXPA_W0I@Z      1002f1f0 f   g_func.obj
 0001:0002e2f0       ?casmcpy_a@@YGXPAPA_WPA_WI@Z 1002f2f0 f   g_func.obj
 0001:0002e440       ?WCharTrim@@YGHPA_W@Z      1002f440 f   g_func.obj
 0001:0002e570       ?WCharIsHex@@YGHPA_W@Z     1002f570 f   g_func.obj
 0001:0002e640       ?GetVbHeaderByModule@@YGPAU_VB_HEADER@@PAUHINSTANCE__@@@Z 1002f640 f   g_func.obj
 0001:0002e6e0       ?GetSectionBaseAddr@@YGPAU_IMAGE_SECTION_HEADER@@PAUHINSTANCE__@@@Z 1002f6e0 f   g_func.obj
 0001:0002e750       ?GetSectionNumber@@YGGPAUHINSTANCE__@@@Z 1002f750 f   g_func.obj
 0001:0002e7b0       ?GetSectionAddrByName@@YGPAXPAUHINSTANCE__@@PADPAK@Z 1002f7b0 f   g_func.obj
 0001:0002e8b0       ?MemMem@@YGPAXPAEK0K@Z     1002f8b0 f   g_func.obj
 0001:0002efe0       ?TestExpect@@YGKK@Z        1002ffe0 f i g_func.obj
 0001:0002f020       _IsolationAwareImageList_Add@12 10030020 f i g_func.obj
 0001:0002f280       ?PlayMIDI@@YG_NPAEI@Z      10030280 f   midi.obj
 0001:0002f540       ?StopMIDI@@YGXXZ           10030540 f   midi.obj
 0001:0002f8a0       ?TryModifyMemory@MemoryManager@@QAEHPAE0I@Z 100308a0 f   mmer.obj
 0001:0002f930       ?GetOriginalMemory@MemoryManager@@QAEIPAE0I@Z 10030930 f   mmer.obj
 0001:0002fa30       ?pcd_initdeobj@@YGHPAU_PCODE_DECODE_OBJECT@@PA_WIPAEIIIPAU_VB_PROC_DESC_INFO@@@Z 10030a30 f   pcode.obj
 0001:0002fb40       ?pcd_decode@@YGHPAU_PCODE_DECODE_OBJECT@@I@Z 10030b40 f   pcode.obj
 0001:0002feb0       ?pcd_disassemble@@YGHPAU_PCODE_DECODE_OBJECT@@PAH@Z 10030eb0 f   pcode.obj
 0001:000301c0       ?GetProcName@@YGHIIPAPAD0@Z 100311c0 f   pcode.obj
 0001:000309c0       ?pcd_printarg@@YGHPAU_PCODE_DECODE_OBJECT@@PAJJ@Z 100319c0 f   pcode.obj
 0001:000317e0       ?LaunchDebugger@@YGHJ@Z    100327e0 f   SoftRazor.obj
 0001:00031850       ?DbgWndThread@@YGIPAX@Z    10032850 f   SoftRazor.obj
 0001:00031a00       ?TerminationDebugger@@YGHH@Z 10032a00 f   SoftRazor.obj
 0001:00031b00       ?GetInstance@MainForm@@SGPAV1@PAUHINSTANCE__@@@Z 10032b00 f i SoftRazor.obj
 0001:00031bf0       ?GetMemberNameByIndex@@YGHU_GUID@@KPA_WKPAK@Z 10032bf0 f   tlibfunc.obj
 0001:00032070       ?GetEventNameByIndex@@YGHU_GUID@@KPA_WKPAK@Z 10033070 f   tlibfunc.obj
 0001:00032780       ?GetEventNameByMemberID@@YGHU_GUID@@KPA_WK@Z 10033780 f   tlibfunc.obj
 0001:00032d70       ?GetPropertyText@@YGHU_GUID@@GPA_WK1K@Z 10033d70 f   tlibfunc.obj
 0001:00033580       ?fdswap@@YGXPAPAUtagFUNCDESC@@0@Z 10034580 f   tlibfunc.obj
 0001:000335b0       ?fdsort@@YGXPAPAUtagFUNCDESC@@I@Z 100345b0 f   tlibfunc.obj
 0001:00036140       _ud_decode@4               10037140 f   decode.obj
 0001:00036c10       _ud_translate_att@4        10037c10 f   syn-att.obj
 0001:00037730       _ud_translate_intel@4      10038730 f   syn-intel.obj
 0001:000387b0       _ud_syn_rel_target@8       100397b0 f   syn.obj
 0001:00038880       _ud_asmprintf              10039880 f   syn.obj
 0001:00038980       _wprintfcat                10039980 f   syn.obj
 0001:00038a60       _ud_casmprint@16           10039a60 f   syn.obj
 0001:00038bf0       _ud_syn_print_addr@20      10039bf0 f   syn.obj
 0001:00038d10       _ud_syn_print_imm@16       10039d10 f   syn.obj
 0001:00038ea0       _ud_syn_print_mem_disp@20  10039ea0 f   syn.obj
 0001:00039250       _ud_init@4                 1003a250 f   udis86.obj
 0001:000392c0       _ud_set_mode@8             1003a2c0 f   udis86.obj
 0001:00039310       _ud_set_pc@12              1003a310 f   udis86.obj
 0001:00039330       _ud_set_input_hook@8       1003a330 f   udis86.obj
 0001:00039350       _ud_set_input_buffer@12    1003a350 f   udis86.obj
 0001:00039390       _ud_set_vendor@8           1003a390 f   udis86.obj
 0001:000393e0       _ud_set_syntax@8           1003a3e0 f   udis86.obj
 0001:000393f0       _ud_input_skip@8           1003a3f0 f   udis86.obj
 0001:000394c0       _ud_input_end@4            1003a4c0 f   udis86.obj
 0001:000394d0       _ud_get_count@4            1003a4d0 f   udis86.obj
 0001:00039540       _ud_disassemble@4          1003a540 f   udis86.obj
 0001:00039610       _ud_insn_asm@4             1003a610 f   udis86.obj
 0001:00039620       _ud_insn_casm@4            1003a620 f   udis86.obj
 0001:00039630       _ud_insn_ptr@4             1003a630 f   udis86.obj
 0001:00039670       _ud_insn_off@4             1003a670 f   udis86.obj
 0001:00039680       _ud_insn_hex@4             1003a680 f   udis86.obj
 0001:00039740       _ud_insn_len@4             1003a740 f   udis86.obj
 0001:00039750       _ud_insn_opr@8             1003a750 f   udis86.obj
 0001:00039790       _ud_opr_is_sreg@4          1003a790 f   udis86.obj
 0001:000397e0       _ud_opr_is_gpr@4           1003a7e0 f   udis86.obj
 0001:00039830       _ud_insn_mnemonic@4        1003a830 f   udis86.obj
 0001:00039840       _ud_lookup_mnemonic@4      1003a840 f   udis86.obj
 0001:00039860       _ud_set_user_opaque_data@8 1003a860 f   udis86.obj
 0001:00039880       _ud_get_user_opaque_data@4 1003a880 f   udis86.obj
 0001:00039890       _ud_set_asm_buffer@12      1003a890 f   udis86.obj
 0001:000398e0       _ud_enable_casm@8          1003a8e0 f   udis86.obj
 0001:00039940       _ud_set_casm_buffer@12     1003a940 f   udis86.obj
 0001:000399a0       _ud_set_sym_resolver@8     1003a9a0 f   udis86.obj
 0001:00039bf7       _memcpy                    1003abf7 f   ntdll:ntdll.dll
 0001:00039bfd       _memmove                   1003abfd f   ntdll:ntdll.dll
 0001:00039c03       _memset                    1003ac03 f   ntdll:ntdll.dll
 0001:00039c09       _wcslen                    1003ac09 f   ntdll:ntdll.dll
 0001:00039c0f       _wcscmp                    1003ac0f f   ntdll:ntdll.dll
 0001:00039c15       _strlen                    1003ac15 f   ntdll:ntdll.dll
 0001:00039c1b       _memcmp                    1003ac1b f   ntdll:ntdll.dll
 0001:00039c21       _strcmp                    1003ac21 f   ntdll:ntdll.dll
 0001:00039c27       __allshl                   1003ac27 f   ntdll:ntdll.dll
 0001:00039c2d       __aullshr                  1003ac2d f   ntdll:ntdll.dll
 0001:00039c40       ??0HeapMemoryManager@@QAE@KK@Z 1003ac40 f   hmm32:HeapMemoryManager.obj
 0001:00039c80       ??1HeapMemoryManager@@QAE@XZ 1003ac80 f   hmm32:HeapMemoryManager.obj
 0001:00039ca0       ?IsLowFragmentationHeap@HeapMemoryManager@@QAGHXZ 1003aca0 f   hmm32:HeapMemoryManager.obj
 0001:00039cc0       ?hcalloc@HeapMemoryManager@@QAGPAXK@Z 1003acc0 f   hmm32:HeapMemoryManager.obj
 0001:00039d20       ?hcalloc@HeapMemoryManager@@QAGPAXKK@Z 1003ad20 f   hmm32:HeapMemoryManager.obj
 0001:00039d90       ?hcompact@HeapMemoryManager@@QAGKXZ 1003ad90 f   hmm32:HeapMemoryManager.obj
 0001:00039dc0       ?hdestroy@HeapMemoryManager@@QAGHXZ 1003adc0 f   hmm32:HeapMemoryManager.obj
 0001:00039e00       ?hfree@HeapMemoryManager@@QAGHPAX@Z 1003ae00 f   hmm32:HeapMemoryManager.obj
 0001:00039e30       ?hgeterrorcode@HeapMemoryManager@@QAGKXZ 1003ae30 f   hmm32:HeapMemoryManager.obj
 0001:00039e40       ?hmalloc@HeapMemoryManager@@QAGPAXK@Z 1003ae40 f   hmm32:HeapMemoryManager.obj
 0001:00039ea0       ?hrealloc@HeapMemoryManager@@QAGPAXPAXK@Z 1003aea0 f   hmm32:HeapMemoryManager.obj
 0001:00039f10       ?hrecalloc@HeapMemoryManager@@QAGPAXPAXK@Z 1003af10 f   hmm32:HeapMemoryManager.obj
 0001:00039f80       ?hrecalloc@HeapMemoryManager@@QAGPAXPAXKK@Z 1003af80 f   hmm32:HeapMemoryManager.obj
 0001:0003a000       ?hreset@HeapMemoryManager@@QAGHKK@Z 1003b000 f   hmm32:HeapMemoryManager.obj
 0001:0003a0c0       _Assemble@24               1003b0c0 f   odasm:assembl.obj
 0001:0003f120       _powl                      10040120 f i odasm:assembl.obj
 0001:0003f150       _Isfilling@16              10040150 f   odasm:asmserv.obj
 0001:0003f300       _DrawEdge@16               10040300 f   user32:USER32.dll
 0001:0003f306       _SendMessageW@16           10040306 f   user32:USER32.dll
 0001:0003f30c       _CreateWindowExW@48        1004030c f   user32:USER32.dll
 0001:0003f312       _DestroyWindow@4           10040312 f   user32:USER32.dll
 0001:0003f318       _MoveWindow@24             10040318 f   user32:USER32.dll
 0001:0003f31e       _DialogBoxParamW@20        1004031e f   user32:USER32.dll
 0001:0003f324       _SetFocus@4                10040324 f   user32:USER32.dll
 0001:0003f32a       _GetKeyState@4             1004032a f   user32:USER32.dll
 0001:0003f330       _DrawTextW@20              10040330 f   user32:USER32.dll
 0001:0003f336       _UpdateWindow@4            10040336 f   user32:USER32.dll
 0001:0003f33c       _BeginPaint@8              1004033c f   user32:USER32.dll
 0001:0003f342       _EndPaint@8                10040342 f   user32:USER32.dll
 0001:0003f348       _InvalidateRect@12         10040348 f   user32:USER32.dll
 0001:0003f34e       _SetScrollPos@16           1004034e f   user32:USER32.dll
 0001:0003f354       _GetClientRect@8           10040354 f   user32:USER32.dll
 0001:0003f35a       _FillRect@12               1004035a f   user32:USER32.dll
 0001:0003f360       _GetScrollInfo@12          10040360 f   user32:USER32.dll
 0001:0003f366       _DefMDIChildProcW@16       10040366 f   user32:USER32.dll
 0001:0003f36c       _SetWindowPos@28           1004036c f   user32:USER32.dll
 0001:0003f372       _ShowWindow@8              10040372 f   user32:USER32.dll
 0001:0003f378       _CreateDialogParamW@20     10040378 f   user32:USER32.dll
 0001:0003f37e       _SendDlgItemMessageW@20    1004037e f   user32:USER32.dll
 0001:0003f384       _PostQuitMessage@4         10040384 f   user32:USER32.dll
 0001:0003f38a       _UnregisterClassW@8        1004038a f   user32:USER32.dll
 0001:0003f390       _RegisterClassExW@4        10040390 f   user32:USER32.dll
 0001:0003f396       _LoadMenuW@8               10040396 f   user32:USER32.dll
 0001:0003f39c       _DestroyMenu@4             1004039c f   user32:USER32.dll
 0001:0003f3a2       _LoadCursorW@8             100403a2 f   user32:USER32.dll
 0001:0003f3a8       _DestroyIcon@4             100403a8 f   user32:USER32.dll
 0001:0003f3ae       _LoadImageW@24             100403ae f   user32:USER32.dll
 0001:0003f3b4       _DefFrameProcW@20          100403b4 f   user32:USER32.dll
 0001:0003f3ba       _GetWindowTextW@12         100403ba f   user32:USER32.dll
 0001:0003f3c0       _MessageBeep@4             100403c0 f   user32:USER32.dll
 0001:0003f3c6       _GetWindowLongW@8          100403c6 f   user32:USER32.dll
 0001:0003f3cc       _SetWindowLongW@12         100403cc f   user32:USER32.dll
 0001:0003f3d2       _TranslateMessage@4        100403d2 f   user32:USER32.dll
 0001:0003f3d8       _DispatchMessageW@4        100403d8 f   user32:USER32.dll
 0001:0003f3de       _PeekMessageW@20           100403de f   user32:USER32.dll
 0001:0003f3e4       _SendMessageA@16           100403e4 f   user32:USER32.dll
 0001:0003f3ea       _CheckMenuItem@12          100403ea f   user32:USER32.dll
 0001:0003f3f0       _GetSubMenu@8              100403f0 f   user32:USER32.dll
 0001:0003f3f6       _TrackPopupMenu@28         100403f6 f   user32:USER32.dll
 0001:0003f3fc       _GetCursorPos@4            100403fc f   user32:USER32.dll
 0001:0003f402       _EndDialog@8               10040402 f   user32:USER32.dll
 0001:0003f408       _GetDlgItem@8              10040408 f   user32:USER32.dll
 0001:0003f40e       _KillTimer@8               1004040e f   user32:USER32.dll
 0001:0003f414       _SetWindowTextA@8          10040414 f   user32:USER32.dll
 0001:0003f41a       _SetWindowTextW@8          1004041a f   user32:USER32.dll
 0001:0003f420       _GetWindowTextLengthW@4    10040420 f   user32:USER32.dll
 0001:0003f426       _GetWindowRect@8           10040426 f   user32:USER32.dll
 0001:0003f42c       _MessageBoxW@16            1004042c f   user32:USER32.dll
 0001:0003f432       _GetMessageW@16            10040432 f   user32:USER32.dll
 0001:0003f438       _GetStockObject@4          10040438 f   gdi32:GDI32.dll
 0001:0003f43e       _SelectObject@8            1004043e f   gdi32:GDI32.dll
 0001:0003f444       _SetBkMode@8               10040444 f   gdi32:GDI32.dll
 0001:0003f44a       _SetTextColor@8            1004044a f   gdi32:GDI32.dll
 0001:0003f450       _CreateFontW@56            10040450 f   gdi32:GDI32.dll
 0001:0003f456       _DeleteObject@4            10040456 f   gdi32:GDI32.dll
 0001:0003f45c       _TextOutW@20               1004045c f   gdi32:GDI32.dll
 0001:0003f462       _GetBkColor@4              10040462 f   gdi32:GDI32.dll
 0001:0003f468       _GetTextColor@4            10040468 f   gdi32:GDI32.dll
 0001:0003f46e       _GetTextExtentPointW@16    1004046e f   gdi32:GDI32.dll
 0001:0003f474       _SetBkColor@8              10040474 f   gdi32:GDI32.dll
 0001:0003f47a       _GetMappedFileNameW@16     1004047a f   Psapi:PSAPI.DLL
 0001:0003f480       _ShellExecuteW@24          10040480 f   shell32:SHELL32.dll
 0001:0003f486       _CoInitialize@4            10040486 f   ole32:ole32.dll
 0001:0003f48c       _CoUninitialize@0          1004048c f   ole32:ole32.dll
 0001:0003f492       _CoCreateInstance@20       10040492 f   ole32:ole32.dll
 0001:0003f498       _SysFreeString@4           10040498 f   oleaut32:OLEAUT32.dll
 0001:0003f49e       _LoadTypeLib@8             1004049e f   oleaut32:OLEAUT32.dll
 0001:0003f4a4       _LoadRegTypeLib@20         100404a4 f   oleaut32:OLEAUT32.dll
 0001:0003f4aa       _QueryPathOfRegTypeLib@20  100404aa f   oleaut32:OLEAUT32.dll
 0001:0003f4b0       ??2@YAPAXI@Z               100404b0 f   LIBCMTD:new_scalar.obj
 0001:0003f510       ??3@YAXPAXI@Z              10040510 f   LIBCMTD:delete_scalar_size.obj
 0001:0003f530       ___raise_securityfailure   10040530 f   LIBCMTD:gs_report.obj
 0001:0003f570       ___report_gsfailure        10040570 f   LIBCMTD:gs_report.obj
 0001:0003f6c0       ___report_rangecheckfailure 100406c0 f   LIBCMTD:gs_report.obj
 0001:0003f6d0       ___report_securityfailure  100406d0 f   LIBCMTD:gs_report.obj
 0001:0003f7e0       ___report_securityfailureEx 100407e0 f   LIBCMTD:gs_report.obj
 0001:0003f950       @_RTC_AllocaHelper@12      10040950 f   LIBCMTD:_stack_.obj
 0001:0003f990       @_RTC_CheckStackVars2@12   10040990 f   LIBCMTD:_stack_.obj
 0001:0003faa0       @_RTC_CheckStackVars@8     10040aa0 f   LIBCMTD:_stack_.obj
 0001:0003fb10       __RTC_CheckEsp             10040b10 f   LIBCMTD:_stack_.obj
 0001:0003fb50       @__security_check_cookie@4 10040b50 f   LIBCMTD:_secchk_.obj
 0001:0003fb70       __CRT_RTC_INIT             10040b70 f   LIBCMTD:_init_.obj
 0001:0003fb80       __CRT_RTC_INITW            10040b80 f   LIBCMTD:_init_.obj
 0001:0003fb90       __RTC_InitBase             10040b90 f   LIBCMTD:_init_.obj
 0001:0003fbd0       __RTC_Shutdown             10040bd0 f   LIBCMTD:_init_.obj
 0001:0003fbf0       ??1type_info@@UAE@XZ       10040bf0 f   LIBCMTD:std_type_info_static.obj
 0001:0003fc10       ??_Etype_info@@UAEPAXI@Z   10040c10 f i LIBCMTD:std_type_info_static.obj
 0001:0003fc10       ??_Gtype_info@@UAEPAXI@Z   10040c10 f i LIBCMTD:std_type_info_static.obj
 0001:00040200       __CRT_INIT@12              10041200 f   LIBCMTD:dll_dllmain.obj
 0001:00040220       __DllMainCRTStartup@12     10041220 f   LIBCMTD:dll_dllmain.obj
 0001:00040250       ??_U@YAPAXI@Z              10041250 f   LIBCMTD:new_array.obj
 0001:00040270       ??_V@YAXPAX@Z              10041270 f   LIBCMTD:delete_array.obj
 0001:00040290       ??$__vcrt_va_start_verify_argument_type@QBD@@YAXXZ 10041290 f i LIBCMTD:_error_.obj
 0001:00040440       ?_RTC_AllocaFailure@@YAXPAXPAU_RTC_ALLOCA_NODE@@H@Z 10041440 f   LIBCMTD:_error_.obj
 0001:00040560       ?_RTC_Failure@@YAXPAXH@Z   10041560 f   LIBCMTD:_error_.obj
 0001:000405d0       ?_RTC_StackFailure@@YAXPAXPBD@Z 100415d0 f   LIBCMTD:_error_.obj
 0001:000409f0       __RTC_UninitUse            100419f0 f   LIBCMTD:_error_.obj
 0001:00040ad0       __vsprintf_s_l             10041ad0 f i LIBCMTD:_error_.obj
 0001:00040b10       _sprintf_s                 10041b10 f i LIBCMTD:_error_.obj
 0001:00040b40       ??0bad_alloc@std@@AAE@QBD@Z 10041b40 f i LIBCMTD:throw_bad_alloc.obj
 0001:00040b70       ??0bad_alloc@std@@QAE@ABV01@@Z 10041b70 f i LIBCMTD:throw_bad_alloc.obj
 0001:00040ba0       ??0bad_alloc@std@@QAE@XZ   10041ba0 f i LIBCMTD:throw_bad_alloc.obj
 0001:00040bd0       ??0bad_array_new_length@std@@QAE@ABV01@@Z 10041bd0 f i LIBCMTD:throw_bad_alloc.obj
 0001:00040c00       ??0bad_array_new_length@std@@QAE@XZ 10041c00 f i LIBCMTD:throw_bad_alloc.obj
 0001:00040c30       ??0exception@std@@QAE@ABV01@@Z 10041c30 f i LIBCMTD:throw_bad_alloc.obj
 0001:00040c80       ??0exception@std@@QAE@QBDH@Z 10041c80 f i LIBCMTD:throw_bad_alloc.obj
 0001:00040cc0       ??1bad_alloc@std@@UAE@XZ   10041cc0 f i LIBCMTD:throw_bad_alloc.obj
 0001:00040ce0       ??1bad_array_new_length@std@@UAE@XZ 10041ce0 f i LIBCMTD:throw_bad_alloc.obj
 0001:00040d00       ??1exception@std@@UAE@XZ   10041d00 f i LIBCMTD:throw_bad_alloc.obj
 0001:00040d30       ??_Gbad_alloc@std@@UAEPAXI@Z 10041d30 f i LIBCMTD:throw_bad_alloc.obj
 0001:00040d30       ??_Ebad_alloc@std@@UAEPAXI@Z 10041d30 f i LIBCMTD:throw_bad_alloc.obj
 0001:00040d70       ??_Ebad_array_new_length@std@@UAEPAXI@Z 10041d70 f i LIBCMTD:throw_bad_alloc.obj
 0001:00040d70       ??_Gbad_array_new_length@std@@UAEPAXI@Z 10041d70 f i LIBCMTD:throw_bad_alloc.obj
 0001:00040db0       ??_Gexception@std@@UAEPAXI@Z 10041db0 f i LIBCMTD:throw_bad_alloc.obj
 0001:00040db0       ??_Eexception@std@@UAEPAXI@Z 10041db0 f i LIBCMTD:throw_bad_alloc.obj
 0001:00040df0       ?__scrt_throw_std_bad_alloc@@YAXXZ 10041df0 f   LIBCMTD:throw_bad_alloc.obj
 0001:00040e20       ?__scrt_throw_std_bad_array_new_length@@YAXXZ 10041e20 f   LIBCMTD:throw_bad_alloc.obj
 0001:00040e50       ?what@exception@std@@UBEPBDXZ 10041e50 f i LIBCMTD:throw_bad_alloc.obj
 0001:00040e90       ??3@YAXPAX@Z               10041e90 f   LIBCMTD:delete_scalar.obj
 0001:00040eb0       ?_RTC_GetErrorFunc@@YAP6AHHPBDH00ZZPBX@Z 10041eb0 f   LIBCMTD:_userapi_.obj
 0001:00040ec0       ?_RTC_GetErrorFuncW@@YAP6AHHPB_WH00ZZPBX@Z 10041ec0 f   LIBCMTD:_userapi_.obj
 0001:00040ed0       __RTC_GetErrDesc           10041ed0 f   LIBCMTD:_userapi_.obj
 0001:00040ef0       __RTC_NumErrors            10041ef0 f   LIBCMTD:_userapi_.obj
 0001:00040f00       __RTC_SetErrorFunc         10041f00 f   LIBCMTD:_userapi_.obj
 0001:00040f30       __RTC_SetErrorFuncW        10041f30 f   LIBCMTD:_userapi_.obj
 0001:00040f60       __RTC_SetErrorType         10041f60 f   LIBCMTD:_userapi_.obj
 0001:00041020       ___security_init_cookie    10042020 f   LIBCMTD:gs_support.obj
 0001:000410c0       ?__scrt_initialize_type_info@@YAXXZ 100420c0 f   LIBCMTD:tncleanup.obj
 0001:000410e0       ?__scrt_uninitialize_type_info@@YAXXZ 100420e0 f   LIBCMTD:tncleanup.obj
 0001:00041100       ___scrt_initialize_default_local_stdio_options 10042100 f   LIBCMTD:default_local_stdio_options.obj
 0001:00041150       ??$__crt_fast_decode_pointer@PAP6AXXZ@@YAPAP6AXXZQAP6AXXZ@Z 10042150 f i LIBCMTD:utility.obj
 0001:00041180       ??$__crt_fast_encode_pointer@PAP6AXXZ@@YAPAP6AXXZQAP6AXXZ@Z 10042180 f i LIBCMTD:utility.obj
 0001:000411c0       ?__crt_rotate_pointer_value@@YAIIH@Z 100421c0 f i LIBCMTD:utility.obj
 0001:000411d0       ?configure_argv@__scrt_narrow_argv_policy@@SAHXZ 100421d0 f i LIBCMTD:utility.obj
 0001:000412a0       ?initialize_environment@__scrt_narrow_environment_policy@@SAHXZ 100422a0 f i LIBCMTD:utility.obj
 0001:00041340       _NtCurrentTeb              10042340 f i LIBCMTD:utility.obj
 0001:00041350       ___scrt_acquire_startup_lock 10042350 f   LIBCMTD:utility.obj
 0001:000413b0       ___scrt_dllmain_after_initialize_c 100423b0 f   LIBCMTD:utility.obj
 0001:000413f0       ___scrt_dllmain_before_initialize_c 100423f0 f   LIBCMTD:utility.obj
 0001:00041420       ___scrt_dllmain_crt_thread_attach 10042420 f   LIBCMTD:utility.obj
 0001:00041460       ___scrt_dllmain_crt_thread_detach 10042460 f   LIBCMTD:utility.obj
 0001:00041480       ___scrt_dllmain_exception_filter 10042480 f   LIBCMTD:utility.obj
 0001:000414e0       ___scrt_dllmain_uninitialize_c 100424e0 f   LIBCMTD:utility.obj
 0001:00041520       ___scrt_dllmain_uninitialize_critical 10042520 f   LIBCMTD:utility.obj
 0001:00041540       ___scrt_initialize_crt     10042540 f   LIBCMTD:utility.obj
 0001:000415a0       ___scrt_initialize_onexit_tables 100425a0 f   LIBCMTD:utility.obj
 0001:000416c0       ___scrt_is_nonwritable_in_current_image 100426c0 f   LIBCMTD:utility.obj
 0001:00041840       ___scrt_release_startup_lock 10042840 f   LIBCMTD:utility.obj
 0001:00041870       ___scrt_uninitialize_crt   10042870 f   LIBCMTD:utility.obj
 0001:000418c0       __onexit                   100428c0 f   LIBCMTD:utility.obj
 0001:00041950       _at_quick_exit             10042950 f   LIBCMTD:utility.obj
 0001:000419b0       _atexit                    100429b0 f   LIBCMTD:utility.obj
 0001:000419f0       ___scrt_get_dyn_tls_init_callback 100429f0 f   LIBCMTD:dyn_tls_init.obj
 0001:00041a00       ___scrt_fastfail           10042a00 f   LIBCMTD:utility_desktop.obj
 0001:00041b90       ___scrt_get_show_window_mode 10042b90 f   LIBCMTD:utility_desktop.obj
 0001:00041be0       ___scrt_initialize_winrt   10042be0 f   LIBCMTD:utility_desktop.obj
 0001:00041bf0       ___scrt_is_managed_app     10042bf0 f   LIBCMTD:utility_desktop.obj
 0001:00041ca0       ___scrt_set_unhandled_exception_filter 10042ca0 f   LIBCMTD:utility_desktop.obj
 0001:00041cc0       ___scrt_unhandled_exception_filter@4 10042cc0 f   LIBCMTD:utility_desktop.obj
 0001:00041d40       __crt_debugger_hook        10042d40 f   LIBCMTD:utility_desktop.obj
 0001:00041d60       __RTC_Initialize           10042d60 f   LIBCMTD:_initsect_.obj
 0001:00041da0       __RTC_Terminate            10042da0 f   LIBCMTD:_initsect_.obj
 0001:00041de0       @_guard_check_icall@4      10042de0 f i LIBCMTD:checkcfg.obj
 0001:000423c0       ?_RTC_GetSrcLine@@YAHPAEPA_WKPAH1K@Z 100433c0 f   LIBCMTD:_pdblkup_.obj
 0001:000427e0       ___isa_available_init      100437e0 f   LIBCMTD:_cpu_disp_.obj
 0001:00042b70       __get_startup_argv_mode    10043b70 f   LIBCMTD:argv_mode.obj
 0001:00042b80       ___scrt_is_ucrt_dll_in_use 10043b80 f   LIBCMTD:ucrt_detection.obj
 0001:00042bb0       @_guard_check_icall_nop@4  10043bb0 f i LIBCMTD:guard_support.obj
 0001:00042bc0       _ReadNoFence               10043bc0 f i LIBCMTD:guard_support.obj
 0001:00042be0       _ReadPointerNoFence        10043be0 f i LIBCMTD:guard_support.obj
 0001:00042c00       __guard_icall_checks_enforced 10043c00 f i LIBCMTD:guard_support.obj
 0001:00042c3a       _GetProcAddress@8          10043c3a f   kernel32:KERNEL32.dll
 0001:00042c40       _GetVersion@0              10043c40 f   kernel32:KERNEL32.dll
 0001:00042c46       _VirtualQuery@12           10043c46 f   kernel32:KERNEL32.dll
 0001:00042c4c       _GetLastError@0            10043c4c f   kernel32:KERNEL32.dll
 0001:00042c52       _SetLastError@4            10043c52 f   kernel32:KERNEL32.dll
 0001:00042c58       _LoadLibraryW@4            10043c58 f   kernel32:KERNEL32.dll
 0001:00042c5e       _GetModuleFileNameW@12     10043c5e f   kernel32:KERNEL32.dll
 0001:00042c64       _GetModuleHandleA@4        10043c64 f   kernel32:KERNEL32.dll
 0001:00042c6a       _GetModuleHandleW@4        10043c6a f   kernel32:KERNEL32.dll
 0001:00042c70       _OutputDebugStringA@4      10043c70 f   kernel32:KERNEL32.dll
 0001:00042c76       _GetFileAttributesW@4      10043c76 f   kernel32:KERNEL32.dll
 0001:00042c7c       _GetCurrentProcessId@0     10043c7c f   kernel32:KERNEL32.dll
 0001:00042c82       _OpenThread@12             10043c82 f   kernel32:KERNEL32.dll
 0001:00042c88       _GetThreadContext@8        10043c88 f   kernel32:KERNEL32.dll
 0001:00042c8e       _CloseHandle@4             10043c8e f   kernel32:KERNEL32.dll
 0001:00042c94       _CreateToolhelp32Snapshot@8 10043c94 f   kernel32:KERNEL32.dll
 0001:00042c9a       _Thread32First@8           10043c9a f   kernel32:KERNEL32.dll
 0001:00042ca0       _Thread32Next@8            10043ca0 f   kernel32:KERNEL32.dll
 0001:00042ca6       _GetTickCount@0            10043ca6 f   kernel32:KERNEL32.dll
 0001:00042cac       _Heap32ListFirst@8         10043cac f   kernel32:KERNEL32.dll
 0001:00042cb2       _Heap32ListNext@8          10043cb2 f   kernel32:KERNEL32.dll
 0001:00042cb8       _Heap32First@12            10043cb8 f   kernel32:KERNEL32.dll
 0001:00042cbe       _Heap32Next@4              10043cbe f   kernel32:KERNEL32.dll
 0001:00042cc4       _LoadLibraryA@4            10043cc4 f   kernel32:KERNEL32.dll
 0001:00042cca       _lstrcmpiW@8               10043cca f   kernel32:KERNEL32.dll
 0001:00042cd0       _lstrcpyW@8                10043cd0 f   kernel32:KERNEL32.dll
 0001:00042cd6       _Module32FirstW@8          10043cd6 f   kernel32:KERNEL32.dll
 0001:00042cdc       _Module32NextW@8           10043cdc f   kernel32:KERNEL32.dll
 0001:00042ce2       _FreeResource@4            10043ce2 f   kernel32:KERNEL32.dll
 0001:00042ce8       _LockResource@4            10043ce8 f   kernel32:KERNEL32.dll
 0001:00042cee       _LoadResource@8            10043cee f   kernel32:KERNEL32.dll
 0001:00042cf4       _SizeofResource@8          10043cf4 f   kernel32:KERNEL32.dll
 0001:00042cfa       _FindResourceW@12          10043cfa f   kernel32:KERNEL32.dll
 0001:00042d00       _GetThreadPriority@4       10043d00 f   kernel32:KERNEL32.dll
 0001:00042d06       _SuspendThread@4           10043d06 f   kernel32:KERNEL32.dll
 0001:00042d0c       _ResumeThread@4            10043d0c f   kernel32:KERNEL32.dll
 0001:00042d12       _VirtualProtect@16         10043d12 f   kernel32:KERNEL32.dll
 0001:00042d18       _GetThreadSelectorEntry@12 10043d18 f   kernel32:KERNEL32.dll
 0001:00042d1e       _WriteProcessMemory@20     10043d1e f   kernel32:KERNEL32.dll
 0001:00042d24       _HeapCreate@12             10043d24 f   kernel32:KERNEL32.dll
 0001:00042d2a       _HeapDestroy@4             10043d2a f   kernel32:KERNEL32.dll
 0001:00042d30       _HeapAlloc@12              10043d30 f   kernel32:KERNEL32.dll
 0001:00042d36       _HeapReAlloc@16            10043d36 f   kernel32:KERNEL32.dll
 0001:00042d3c       _HeapFree@12               10043d3c f   kernel32:KERNEL32.dll
 0001:00042d42       _HeapCompact@8             10043d42 f   kernel32:KERNEL32.dll
 0001:00042d48       _HeapSetInformation@16     10043d48 f   kernel32:KERNEL32.dll
 0001:00042d4e       _UnhandledExceptionFilter@4 10043d4e f   kernel32:KERNEL32.dll
 0001:00042d54       _SetUnhandledExceptionFilter@4 10043d54 f   kernel32:KERNEL32.dll
 0001:00042d5a       _GetCurrentProcess@0       10043d5a f   kernel32:KERNEL32.dll
 0001:00042d60       _TerminateProcess@8        10043d60 f   kernel32:KERNEL32.dll
 0001:00042d66       _IsProcessorFeaturePresent@4 10043d66 f   kernel32:KERNEL32.dll
 0001:00042d6c       _IsDebuggerPresent@0       10043d6c f   kernel32:KERNEL32.dll
 0001:00042d72       _RaiseException@16         10043d72 f   kernel32:KERNEL32.dll
 0001:00042d78       _MultiByteToWideChar@24    10043d78 f   kernel32:KERNEL32.dll
 0001:00042d7e       _WideCharToMultiByte@32    10043d7e f   kernel32:KERNEL32.dll
 0001:00042d84       _QueryPerformanceCounter@4 10043d84 f   kernel32:KERNEL32.dll
 0001:00042d8a       _GetCurrentThreadId@0      10043d8a f   kernel32:KERNEL32.dll
 0001:00042d90       _GetSystemTimeAsFileTime@4 10043d90 f   kernel32:KERNEL32.dll
 0001:00042d96       _InitializeSListHead@4     10043d96 f   kernel32:KERNEL32.dll
 0001:00042d9c       _GetStartupInfoW@4         10043d9c f   kernel32:KERNEL32.dll
 0001:00042da2       _GetProcessHeap@0          10043da2 f   kernel32:KERNEL32.dll
 0001:00042da8       _FreeLibrary@4             10043da8 f   kernel32:KERNEL32.dll
 0001:00042db0       ??$__crt_fast_decode_pointer@P6AXXZ@@YAP6AXXZQ6AXXZ@Z 10043db0 f i libvcruntimed:purevirt.obj
 0001:00042de0       ??$__crt_fast_encode_pointer@P6AXXZ@@YAP6AXXZQ6AXXZ@Z 10043de0 f i libvcruntimed:purevirt.obj
 0001:00042e20       ??$__crt_interlocked_exchange_pointer@$$A6AXXZP6AXXZ@@YAP6AXXZPDS6AXXZQ6AXXZ@Z 10043e20 f i libvcruntimed:purevirt.obj
 0001:00042e30       ??$__crt_interlocked_read_pointer@$$A6AXXZ@@YAP6AXXZPDS6AXXZ@Z 10043e30 f i libvcruntimed:purevirt.obj
 0001:00042e50       ?__crt_interlocked_read_32@@YAHPDH@Z 10043e50 f i libvcruntimed:purevirt.obj
 0001:00042e70       __get_purecall_handler     10043e70 f   libvcruntimed:purevirt.obj
 0001:00042ea0       __purecall                 10043ea0 f   libvcruntimed:purevirt.obj
 0001:00042ee0       __set_purecall_handler     10043ee0 f   libvcruntimed:purevirt.obj
 0001:00042fa0       __except_handler4          10043fa0 f   libvcruntimed:_chandler4_.obj
 0001:000431f0       ___DestructExceptionObject 100441f0 f   libvcruntimed:ehhelpers.obj
 0001:00043370       ?_CallMemberFunction0@@YGXQAX0@Z 10044370 f i libvcruntimed:ehhelpers.obj
 0001:00043390       ?raw_name@type_info@@QBEPBDXZ 10044390 f i libvcruntimed:ehhelpers.obj
 0001:000433b0       __IsExceptionObjectToBeDestroyed 100443b0 f   libvcruntimed:ehhelpers.obj
 0001:00043400       __SetWinRTOutOfMemoryExceptionCallback 10044400 f   libvcruntimed:ehhelpers.obj
 0001:00043410       ___AdjustPointer           10044410 f   libvcruntimed:ehhelpers.obj
 0001:00043470       ___FrameUnwindFilter       10044470 f   libvcruntimed:ehhelpers.obj
 0001:00043500       ___GetPlatformExceptionInfo 10044500 f   libvcruntimed:ehhelpers.obj
 0001:000435a0       ___current_exception       100445a0 f   libvcruntimed:ehhelpers.obj
 0001:000435b0       ___current_exception_context 100445b0 f   libvcruntimed:ehhelpers.obj
 0001:000435c0       ___processing_throw        100445c0 f   libvcruntimed:ehhelpers.obj
 0001:000435d0       ___std_terminate           100445d0 f   libvcruntimed:ehhelpers.obj
 0001:000435e0       ___uncaught_exception      100445e0 f   libvcruntimed:ehhelpers.obj
 0001:00043610       ___uncaught_exceptions     10044610 f   libvcruntimed:ehhelpers.obj
 0001:00043650       __is_exception_typeof      10044650 f   libvcruntimed:ehhelpers.obj
 0001:00043760       ?_CallCatchBlock2@@YAPAXPAUEHRegistrationNode@@PBU_s_FuncInfo@@PAXHK@Z 10044760 f   libvcruntimed:trnsctrl.obj
 0001:000437f0       ?_CallSETranslator@@YAHPAUEHExceptionRecord@@PAUEHRegistrationNode@@PAX2PBU_s_FuncInfo@@H1@Z 100447f0 f   libvcruntimed:trnsctrl.obj
 0001:00043920       ?_GetRangeOfTrysToCheck@@YAPBU_s_TryBlockMapEntry@@PBU_s_FuncInfo@@HHPAI1@Z 10044920 f   libvcruntimed:trnsctrl.obj
 0001:00043a20       ?_JumpToContinuation@@YGXPAXPAUEHRegistrationNode@@@Z 10044a20 f   libvcruntimed:trnsctrl.obj
 0001:00043a60       ?_UnwindNestedFrames@@YGXPAUEHRegistrationNode@@PAUEHExceptionRecord@@@Z 10044a60 f   libvcruntimed:trnsctrl.obj
 0001:00043ad0       __CatchGuardHandler        10044ad0 f   libvcruntimed:trnsctrl.obj
 0001:00043b30       __CreateFrameInfo          10044b30 f   libvcruntimed:trnsctrl.obj
 0001:00043b70       __FindAndUnlinkFrame       10044b70 f   libvcruntimed:trnsctrl.obj
 0001:00043c00       __TranslatorGuardHandler   10044c00 f   libvcruntimed:trnsctrl.obj
 0001:00043ce0       ___CxxFrameHandler         10044ce0 f   libvcruntimed:trnsctrl.obj
 0001:00043d30       ___CxxFrameHandler2        10044d30 f   libvcruntimed:trnsctrl.obj
 0001:00043d80       ___CxxFrameHandler3        10044d80 f   libvcruntimed:trnsctrl.obj
 0001:00043dd0       ___CxxLongjmpUnwind@4      10044dd0 f   libvcruntimed:trnsctrl.obj
 0001:00043e20       ??$?RD@__crt_public_free_policy@@QBEXQBD@Z 10044e20 f i libvcruntimed:std_exception.obj
 0001:00043e40       ??0?$__crt_unique_heap_ptr@DU__crt_public_free_policy@@@@QAE@QAD@Z 10044e40 f i libvcruntimed:std_exception.obj
 0001:00043e60       ??1?$__crt_unique_heap_ptr@DU__crt_public_free_policy@@@@QAE@XZ 10044e60 f i libvcruntimed:std_exception.obj
 0001:00043e80       ??B?$__crt_unique_heap_ptr@DU__crt_public_free_policy@@@@QBE_NXZ 10044e80 f i libvcruntimed:std_exception.obj
 0001:00043ea0       ?detach@?$__crt_unique_heap_ptr@DU__crt_public_free_policy@@@@QAEPADXZ 10044ea0 f i libvcruntimed:std_exception.obj
 0001:00043ed0       ?get@?$__crt_unique_heap_ptr@DU__crt_public_free_policy@@@@QBEPADXZ 10044ed0 f i libvcruntimed:std_exception.obj
 0001:00043ef0       ?is_valid@?$__crt_unique_heap_ptr@DU__crt_public_free_policy@@@@QBE_NXZ 10044ef0 f i libvcruntimed:std_exception.obj
 0001:00043f30       ?release@?$__crt_unique_heap_ptr@DU__crt_public_free_policy@@@@QAEXXZ 10044f30 f i libvcruntimed:std_exception.obj
 0001:00043f60       ___std_exception_copy      10044f60 f   libvcruntimed:std_exception.obj
 0001:00044080       ___std_exception_destroy   10045080 f   libvcruntimed:std_exception.obj
 0001:000440c0       __CxxThrowException@8      100450c0 f   libvcruntimed:throw.obj
 0001:000441e0       ??$?RD@__crt_internal_free_policy@@QBEXQBD@Z 100451e0 f i libvcruntimed:std_type_info.obj
 0001:00044210       ??$?RX@__crt_internal_free_policy@@QBEXQBX@Z 10045210 f i libvcruntimed:std_type_info.obj
 0001:00044240       ??$__crt_interlocked_compare_exchange_pointer@$$CBDPAD$$T@@YAPBDPDSBDQAD$$T@Z 10045240 f i libvcruntimed:std_type_info.obj
 0001:00044260       ??$__crt_interlocked_read_pointer@$$CBD@@YAPBDPDSBD@Z 10045260 f i libvcruntimed:std_type_info.obj
 0001:00044280       ??0?$__crt_unique_heap_ptr@DU__crt_internal_free_policy@@@@QAE@QAD@Z 10045280 f i libvcruntimed:std_type_info.obj
 0001:000442a0       ??0?$__crt_unique_heap_ptr@XU__crt_internal_free_policy@@@@QAE@QAX@Z 100452a0 f i libvcruntimed:std_type_info.obj
 0001:000442c0       ??1?$__crt_unique_heap_ptr@DU__crt_internal_free_policy@@@@QAE@XZ 100452c0 f i libvcruntimed:std_type_info.obj
 0001:000442e0       ??1?$__crt_unique_heap_ptr@XU__crt_internal_free_policy@@@@QAE@XZ 100452e0 f i libvcruntimed:std_type_info.obj
 0001:00044340       ??B?$__crt_unique_heap_ptr@DU__crt_internal_free_policy@@@@QBE_NXZ 10045340 f i libvcruntimed:std_type_info.obj
 0001:00044360       ??B?$__crt_unique_heap_ptr@XU__crt_internal_free_policy@@@@QBE_NXZ 10045360 f i libvcruntimed:std_type_info.obj
 0001:000443e0       ?detach@?$__crt_unique_heap_ptr@XU__crt_internal_free_policy@@@@QAEPAXXZ 100453e0 f i libvcruntimed:std_type_info.obj
 0001:00044410       ?get@?$__crt_unique_heap_ptr@DU__crt_internal_free_policy@@@@QBEPADXZ 10045410 f i libvcruntimed:std_type_info.obj
 0001:00044430       ?get@?$__crt_unique_heap_ptr@XU__crt_internal_free_policy@@@@QBEPAXXZ 10045430 f i libvcruntimed:std_type_info.obj
 0001:00044450       ?is_valid@?$__crt_unique_heap_ptr@DU__crt_internal_free_policy@@@@QBE_NXZ 10045450 f i libvcruntimed:std_type_info.obj
 0001:00044490       ?is_valid@?$__crt_unique_heap_ptr@XU__crt_internal_free_policy@@@@QBE_NXZ 10045490 f i libvcruntimed:std_type_info.obj
 0001:000444d0       ?release@?$__crt_unique_heap_ptr@DU__crt_internal_free_policy@@@@QAEXXZ 100454d0 f i libvcruntimed:std_type_info.obj
 0001:00044500       ?release@?$__crt_unique_heap_ptr@XU__crt_internal_free_policy@@@@QAEXXZ 10045500 f i libvcruntimed:std_type_info.obj
 0001:00044530       ___std_type_info_compare   10045530 f   libvcruntimed:std_type_info.obj
 0001:00044560       ___std_type_info_destroy_list 10045560 f   libvcruntimed:std_type_info.obj
 0001:000445b0       ___std_type_info_hash      100455b0 f   libvcruntimed:std_type_info.obj
 0001:00044620       ___std_type_info_name      10045620 f   libvcruntimed:std_type_info.obj
 0001:00044870       ___vcrt_initialize         10045870 f   libvcruntimed:initialization.obj
 0001:000448c0       ___vcrt_thread_attach      100458c0 f   libvcruntimed:initialization.obj
 0001:000448e0       ___vcrt_thread_detach      100458e0 f   libvcruntimed:initialization.obj
 0001:00044900       ___vcrt_uninitialize       10045900 f   libvcruntimed:initialization.obj
 0001:00044930       ___vcrt_uninitialize_critical 10045930 f   libvcruntimed:initialization.obj
 0001:00044950       ___vcrt_GetModuleFileNameW 10045950 f   libvcruntimed:winapi_thunks.obj
 0001:00044970       ___vcrt_GetModuleHandleW   10045970 f   libvcruntimed:winapi_thunks.obj
 0001:00044990       ___vcrt_LoadLibraryExW     10045990 f   libvcruntimed:winapi_thunks.obj
 0001:000449b0       ??$?B$$A6AXXZ@__crt_fast_encoded_nullptr_t@@QBEP6AXXZXZ 100459b0 f i libvcruntimed:purevirt_data.obj
 0001:000449d0       ?__crt_fast_encode_pointer@@YA?AU__crt_fast_encoded_nullptr_t@@$$T@Z 100459d0 f i libvcruntimed:purevirt_data.obj
 0001:000449e0       ___vcrt_initialize_pure_virtual_call_handler 100459e0 f   libvcruntimed:purevirt_data.obj
 0001:00044a10       __local_unwind4            10045a10 f   libvcruntimed:_exsup4_.obj
 0001:00044ae8       __seh_longjmp_unwind4@4    10045ae8 f   libvcruntimed:_exsup4_.obj
 0001:00044b10       @_EH4_CallFilterFunc@8     10045b10 f   libvcruntimed:_exsup4_.obj
 0001:00044b28       @_EH4_TransferToHandler@8  10045b28 f   libvcruntimed:_exsup4_.obj
 0001:00044b44       @_EH4_GlobalUnwind2@8      10045b44 f   libvcruntimed:_exsup4_.obj
 0001:00044b60       @_EH4_LocalUnwind@16       10045b60 f   libvcruntimed:_exsup4_.obj
 0001:00044bd0       ___except_validate_context_record 10045bd0 f   libvcruntimed:jbcxrval.obj
 0001:00044c30       ___except_validate_jump_buffer 10045c30 f   libvcruntimed:jbcxrval.obj
 0001:00044c90       ??$?RU__vcrt_ptd@@@__crt_internal_free_policy@@QBEXQBU__vcrt_ptd@@@Z 10045c90 f i libvcruntimed:per_thread_data.obj
 0001:00044cc0       ??0?$__crt_unique_heap_ptr@U__vcrt_ptd@@U__crt_internal_free_policy@@@@QAE@QAU__vcrt_ptd@@@Z 10045cc0 f i libvcruntimed:per_thread_data.obj
 0001:00044d00       ??1?$__crt_unique_heap_ptr@U__vcrt_ptd@@U__crt_internal_free_policy@@@@QAE@XZ 10045d00 f i libvcruntimed:per_thread_data.obj
 0001:00044d40       ??B?$__crt_unique_heap_ptr@U__vcrt_ptd@@U__crt_internal_free_policy@@@@QBE_NXZ 10045d40 f i libvcruntimed:per_thread_data.obj
 0001:00044d60       ?detach@?$__crt_unique_heap_ptr@U__vcrt_ptd@@U__crt_internal_free_policy@@@@QAEPAU__vcrt_ptd@@XZ 10045d60 f i libvcruntimed:per_thread_data.obj
 0001:00044d90       ?get@?$__crt_unique_heap_ptr@U__vcrt_ptd@@U__crt_internal_free_policy@@@@QBEPAU__vcrt_ptd@@XZ 10045d90 f i libvcruntimed:per_thread_data.obj
 0001:00044db0       ?is_valid@?$__crt_unique_heap_ptr@U__vcrt_ptd@@U__crt_internal_free_policy@@@@QBE_NXZ 10045db0 f i libvcruntimed:per_thread_data.obj
 0001:00044df0       ?release@?$__crt_unique_heap_ptr@U__vcrt_ptd@@U__crt_internal_free_policy@@@@QAEXXZ 10045df0 f i libvcruntimed:per_thread_data.obj
 0001:00044e50       ___vcrt_freefls@4          10045e50 f   libvcruntimed:per_thread_data.obj
 0001:00044e80       ___vcrt_freeptd            10045e80 f   libvcruntimed:per_thread_data.obj
 0001:00044ef0       ___vcrt_getptd             10045ef0 f   libvcruntimed:per_thread_data.obj
 0001:00044f20       ___vcrt_getptd_noexit      10045f20 f   libvcruntimed:per_thread_data.obj
 0001:000450d0       ___vcrt_getptd_noinit      100460d0 f   libvcruntimed:per_thread_data.obj
 0001:00045140       ___vcrt_initialize_ptd     10046140 f   libvcruntimed:per_thread_data.obj
 0001:000451a0       ___vcrt_uninitialize_ptd   100461a0 f   libvcruntimed:per_thread_data.obj
 0001:000451e0       __CallSettingFrame@12      100461e0 f   libvcruntimed:lowhelpr.obj
 0001:00045207       __NLG_Return               10046207     libvcruntimed:lowhelpr.obj
 0001:00045240       ??0bad_exception@std@@QAE@ABV01@@Z 10046240 f i libvcruntimed:frame.obj
 0001:00045270       ??0bad_exception@std@@QAE@XZ 10046270 f i libvcruntimed:frame.obj
 0001:000452a0       ??1bad_exception@std@@UAE@XZ 100462a0 f i libvcruntimed:frame.obj
 0001:000452c0       ??8type_info@@QBE_NABV0@@Z 100462c0 f i libvcruntimed:frame.obj
 0001:00045310       ??_Gbad_exception@std@@UAEPAXI@Z 10046310 f i libvcruntimed:frame.obj
 0001:00045310       ??_Ebad_exception@std@@UAEPAXI@Z 10046310 f i libvcruntimed:frame.obj
 0001:000461e0       ?_CallMemberFunction1@@YGXQAX00@Z 100471e0 f i libvcruntimed:frame.obj
 0001:00046200       ?_CallMemberFunction2@@YGXQAX00H@Z 10047200 f i libvcruntimed:frame.obj
 0001:00046230       ?_ValidateExecute@@YA_NP6GHXZ@Z 10047230 f i libvcruntimed:frame.obj
 0001:00046250       ?_ValidateRead@@YA_NPBXI@Z 10047250 f i libvcruntimed:frame.obj
 0001:00046270       ?_ValidateWrite@@YA_NPAXI@Z 10047270 f i libvcruntimed:frame.obj
 0001:00046290       ___BuildCatchObject        10047290 f   libvcruntimed:frame.obj
 0001:000463e0       ___BuildCatchObjectHelper  100473e0 f   libvcruntimed:frame.obj
 0001:000467d0       ___FrameUnwindToState      100477d0 f   libvcruntimed:frame.obj
 0001:000469b0       ___InternalCxxFrameHandler 100479b0 f   libvcruntimed:frame.obj
 0001:00046bc0       ___TypeMatch               10047bc0 f   libvcruntimed:frame.obj
 0001:00046cd0       ___vcrt_EncodePointer      10047cd0 f i libvcruntimed:frame.obj
 0001:00046cf0       ??0Block@_HeapManager@@QAE@XZ 10047cf0 f i libvcruntimed:undname.obj
 0001:00046d10       ??0DName@@QAE@AAPBDD@Z     10047d10 f   libvcruntimed:undname.obj
 0001:00046fc0       ??0DName@@QAE@ABV0@@Z      10047fc0 f i libvcruntimed:undname.obj
 0001:00046ff0       ??0DName@@QAE@D@Z          10047ff0 f   libvcruntimed:undname.obj
 0001:00047040       ??0DName@@QAE@PAV0@@Z      10048040 f   libvcruntimed:undname.obj
 0001:00047120       ??0DName@@QAE@PBD@Z        10048120 f   libvcruntimed:undname.obj
 0001:00047190       ??0DName@@QAE@W4DNameStatus@@@Z 10048190 f   libvcruntimed:undname.obj
 0001:00047250       ??0DName@@QAE@XZ           10048250 f i libvcruntimed:undname.obj
 0001:00047280       ??0DName@@QAE@_J@Z         10048280 f   libvcruntimed:undname.obj
 0001:000473a0       ??0DName@@QAE@_K@Z         100483a0 f   libvcruntimed:undname.obj
 0001:00047470       ??0DNameNode@@IAE@XZ       10048470 f   libvcruntimed:undname.obj
 0001:00047490       ??0DNameStatusNode@@AAE@W4DNameStatus@@@Z 10048490 f   libvcruntimed:undname.obj
 0001:00047500       ??0Replicator@@QAE@XZ      10048500 f i libvcruntimed:undname.obj
 0001:00047520       ??0UnDecorator@@QAE@PADPBDHP6APADJ@ZK@Z 10048520 f i libvcruntimed:undname.obj
 0001:000475e0       ??0charNode@@QAE@D@Z       100485e0 f   libvcruntimed:undname.obj
 0001:00047620       ??0pDNameNode@@QAE@PAVDName@@@Z 10048620 f   libvcruntimed:undname.obj
 0001:000476a0       ??0pairNode@@QAE@PAVDNameNode@@0@Z 100486a0 f   libvcruntimed:undname.obj
 0001:000476f0       ??0pcharNode@@QAE@PBDH@Z   100486f0 f   libvcruntimed:undname.obj
 0001:000477b0       ??2@YAPAXIAAV_HeapManager@@H@Z 100487b0 f i libvcruntimed:undname.obj
 0001:000477d0       ??4DName@@QAEAAV0@ABV0@@Z  100487d0 f   libvcruntimed:undname.obj
 0001:00047800       ??4DName@@QAEAAV0@D@Z      10048800 f i libvcruntimed:undname.obj
 0001:00047850       ??4DName@@QAEAAV0@PAV0@@Z  10048850 f   libvcruntimed:undname.obj
 0001:00047910       ??4DName@@QAEAAV0@PBD@Z    10048910 f   libvcruntimed:undname.obj
 0001:00047960       ??4DName@@QAEAAV0@W4DNameStatus@@@Z 10048960 f   libvcruntimed:undname.obj
 0001:00047a00       ??AReplicator@@QBE?AVDName@@H@Z 10048a00 f   libvcruntimed:undname.obj
 0001:00047a80       ??BUnDecorator@@QAEPADXZ   10048a80 f i libvcruntimed:undname.obj
 0001:00047dd0       ??H@YA?AVDName@@DABV0@@Z   10048dd0 f i libvcruntimed:undname.obj
 0001:00047e10       ??H@YA?AVDName@@PBDABV0@@Z 10048e10 f i libvcruntimed:undname.obj
 0001:00047e50       ??H@YA?AVDName@@W4DNameStatus@@ABV0@@Z 10048e50 f i libvcruntimed:undname.obj
 0001:00047e90       ??HDName@@QBE?AV0@ABV0@@Z  10048e90 f   libvcruntimed:undname.obj
 0001:00047ee0       ??HDName@@QBE?AV0@D@Z      10048ee0 f   libvcruntimed:undname.obj
 0001:00047f30       ??HDName@@QBE?AV0@PAV0@@Z  10048f30 f   libvcruntimed:undname.obj
 0001:00047f80       ??HDName@@QBE?AV0@PBD@Z    10048f80 f   libvcruntimed:undname.obj
 0001:00047fd0       ??HDName@@QBE?AV0@W4DNameStatus@@@Z 10048fd0 f   libvcruntimed:undname.obj
 0001:00048020       ??YDName@@QAEAAV0@ABV0@@Z  10049020 f   libvcruntimed:undname.obj
 0001:000480a0       ??YDName@@QAEAAV0@D@Z      100490a0 f   libvcruntimed:undname.obj
 0001:00048140       ??YDName@@QAEAAV0@PAV0@@Z  10049140 f   libvcruntimed:undname.obj
 0001:00048220       ??YDName@@QAEAAV0@PBD@Z    10049220 f   libvcruntimed:undname.obj
 0001:000482e0       ??YDName@@QAEAAV0@W4DNameStatus@@@Z 100492e0 f   libvcruntimed:undname.obj
 0001:00048360       ??YReplicator@@QAEAAV0@ABVDName@@@Z 10049360 f   libvcruntimed:undname.obj
 0001:00048410       ??_5DName@@QAEAAV0@ABV0@@Z 10049410 f   libvcruntimed:undname.obj
 0001:00048480       ?Constructor@_HeapManager@@QAEXP6APAXI@ZP6AXPAX@Z@Z 10049480 f i libvcruntimed:undname.obj
 0001:000484d0       ?Destructor@_HeapManager@@QAEXXZ 100494d0 f i libvcruntimed:undname.obj
 0001:00048540       ?UScore@UnDecorator@@SAPBDW4Tokens@@@Z 10049540 f   libvcruntimed:undname.obj
 0001:00048580       ?append@DName@@AAEXPAVDNameNode@@@Z 10049580 f   libvcruntimed:undname.obj
 0001:00048630       ?composeDeclaration@UnDecorator@@CA?AVDName@@ABV2@@Z 10049630 f i libvcruntimed:undname.obj
 0001:0004a9e0       ?dbGetString@DName@@QBEPADXZ 1004b9e0 f   libvcruntimed:undname.obj
 0001:0004aa10       ?doAccessSpecifiers@UnDecorator@@SAHXZ 1004ba10 f i libvcruntimed:undname.obj
 0001:0004aa40       ?doAllocationLanguage@UnDecorator@@SAHXZ 1004ba40 f i libvcruntimed:undname.obj
 0001:0004aa70       ?doAllocationModel@UnDecorator@@SAHXZ 1004ba70 f i libvcruntimed:undname.obj
 0001:0004aaa0       ?doEcsu@UnDecorator@@SAHXZ 1004baa0 f i libvcruntimed:undname.obj
 0001:0004aad0       ?doEllipsis@UnDecorator@@SAHXZ 1004bad0 f i libvcruntimed:undname.obj
 0001:0004ab00       ?doFunctionReturns@UnDecorator@@SAHXZ 1004bb00 f i libvcruntimed:undname.obj
 0001:0004ab30       ?doMSKeywords@UnDecorator@@SAHXZ 1004bb30 f i libvcruntimed:undname.obj
 0001:0004ab60       ?doMemberTypes@UnDecorator@@SAHXZ 1004bb60 f i libvcruntimed:undname.obj
 0001:0004ab90       ?doNameOnly@UnDecorator@@SAHXZ 1004bb90 f i libvcruntimed:undname.obj
 0001:0004abb0       ?doNoIdentCharCheck@UnDecorator@@SAHXZ 1004bbb0 f i libvcruntimed:undname.obj
 0001:0004abd0       ?doPchar@DName@@AAEXPBDH@Z 1004bbd0 f   libvcruntimed:undname.obj
 0001:0004ad60       ?doPtr64@UnDecorator@@SAHXZ 1004bd60 f i libvcruntimed:undname.obj
 0001:0004ad90       ?doRestrictionSpec@UnDecorator@@SAHXZ 1004bd90 f i libvcruntimed:undname.obj
 0001:0004adc0       ?doThisTypes@UnDecorator@@SAHXZ 1004bdc0 f i libvcruntimed:undname.obj
 0001:0004ae00       ?doThrowTypes@UnDecorator@@SAHXZ 1004be00 f i libvcruntimed:undname.obj
 0001:0004ae30       ?doTypeOnly@UnDecorator@@SAHXZ 1004be30 f i libvcruntimed:undname.obj
 0001:0004ae50       ?doUnderScore@UnDecorator@@SAHXZ 1004be50 f i libvcruntimed:undname.obj
 0001:0004ae80       ?getArgumentList@UnDecorator@@CA?AVDName@@XZ 1004be80 f   libvcruntimed:undname.obj
 0001:0004b020       ?getArgumentTypes@UnDecorator@@CA?AVDName@@XZ 1004c020 f   libvcruntimed:undname.obj
 0001:0004b1d0       ?getArrayType@UnDecorator@@CA?AVDName@@ABV2@@Z 1004c1d0 f i libvcruntimed:undname.obj
 0001:0004b490       ?getBasedType@UnDecorator@@CA?AVDName@@XZ 1004c490 f   libvcruntimed:undname.obj
 0001:0004b580       ?getBasicDataType@UnDecorator@@CA?AVDName@@ABV2@@Z 1004c580 f   libvcruntimed:undname.obj
 0001:0004bce0       ?getCallIndex@UnDecorator@@CA?AVDName@@XZ 1004cce0 f i libvcruntimed:undname.obj
 0001:0004bd00       ?getCallingConvention@UnDecorator@@CA?AVDName@@XZ 1004cd00 f   libvcruntimed:undname.obj
 0001:0004bef0       ?getDataIndirectType@UnDecorator@@CA?AVDName@@ABV2@PBD0H@Z 1004cef0 f   libvcruntimed:undname.obj
 0001:0004c8a0       ?getDataIndirectType@UnDecorator@@CA?AVDName@@XZ 1004d8a0 f i libvcruntimed:undname.obj
 0001:0004c8f0       ?getDataType@UnDecorator@@CA?AVDName@@PAV2@@Z 1004d8f0 f   libvcruntimed:undname.obj
 0001:0004ca50       ?getDecoratedName@UnDecorator@@CA?AVDName@@XZ 1004da50 f   libvcruntimed:undname.obj
 0001:0004ce40       ?getDimension@UnDecorator@@CA?AVDName@@_N@Z 1004de40 f   libvcruntimed:undname.obj
 0001:0004d1a0       ?getDispatchTarget@UnDecorator@@CA?AVDName@@XZ 1004e1a0 f   libvcruntimed:undname.obj
 0001:0004d260       ?getDisplacement@UnDecorator@@CA?AVDName@@XZ 1004e260 f i libvcruntimed:undname.obj
 0001:0004d280       ?getECSUDataType@UnDecorator@@CA?AVDName@@XZ 1004e280 f   libvcruntimed:undname.obj
 0001:0004d4c0       ?getECSUName@UnDecorator@@CA?AVDName@@XZ 1004e4c0 f i libvcruntimed:undname.obj
 0001:0004d4e0       ?getEnumType@UnDecorator@@CA?AVDName@@XZ 1004e4e0 f i libvcruntimed:undname.obj
 0001:0004d680       ?getExtendedDataIndirectType@UnDecorator@@CA?AVDName@@AAPBDAA_NH@Z 1004e680 f   libvcruntimed:undname.obj
 0001:0004d960       ?getExternalDataType@UnDecorator@@CA?AVDName@@ABV2@@Z 1004e960 f i libvcruntimed:undname.obj
 0001:0004da20       ?getFunctionIndirectType@UnDecorator@@CA?AVDName@@ABV2@@Z 1004ea20 f   libvcruntimed:undname.obj
 0001:0004dfd0       ?getGuardNumber@UnDecorator@@CA?AVDName@@XZ 1004efd0 f i libvcruntimed:undname.obj
 0001:0004dff0       ?getLastChar@DName@@QBEDXZ 1004eff0 f i libvcruntimed:undname.obj
 0001:0004e040       ?getLastChar@DNameStatusNode@@UBEDXZ 1004f040 f i libvcruntimed:undname.obj
 0001:0004e080       ?getLastChar@charNode@@UBEDXZ 1004f080 f i libvcruntimed:undname.obj
 0001:0004e0a0       ?getLastChar@pDNameNode@@UBEDXZ 1004f0a0 f i libvcruntimed:undname.obj
 0001:0004e0e0       ?getLastChar@pairNode@@UBEDXZ 1004f0e0 f i libvcruntimed:undname.obj
 0001:0004e160       ?getLastChar@pcharNode@@UBEDXZ 1004f160 f i libvcruntimed:undname.obj
 0001:0004e1a0       ?getLexicalFrame@UnDecorator@@CA?AVDName@@XZ 1004f1a0 f i libvcruntimed:undname.obj
 0001:0004e1f0       ?getMemory@_HeapManager@@QAEPAXIH@Z 1004f1f0 f   libvcruntimed:undname.obj
 0001:0004e350       ?getNumberOfDimensions@UnDecorator@@CAHXZ 1004f350 f   libvcruntimed:undname.obj
 0001:0004e490       ?getOperatorName@UnDecorator@@CA?AVDName@@_NPA_N@Z 1004f490 f i libvcruntimed:undname.obj
 0001:0004f150       ?getPointerType@UnDecorator@@CA?AVDName@@ABV2@0@Z 10050150 f i libvcruntimed:undname.obj
 0001:0004f190       ?getPointerTypeArray@UnDecorator@@CA?AVDName@@ABV2@0@Z 10050190 f i libvcruntimed:undname.obj
 0001:0004f1d0       ?getPrimaryDataType@UnDecorator@@CA?AVDName@@ABV2@@Z 100501d0 f   libvcruntimed:undname.obj
 0001:0004f6c0       ?getPtrRefDataType@UnDecorator@@CA?AVDName@@ABV2@H@Z 100506c0 f   libvcruntimed:undname.obj
 0001:0004f970       ?getPtrRefType@UnDecorator@@CA?AVDName@@ABV2@0PBD@Z 10050970 f   libvcruntimed:undname.obj
 0001:0004fb40       ?getReferenceType@UnDecorator@@CA?AVDName@@ABV2@0PBD@Z 10050b40 f i libvcruntimed:undname.obj
 0001:0004fb70       ?getRestrictionSpec@UnDecorator@@CA?AVDName@@XZ 10050b70 f   libvcruntimed:undname.obj
 0001:0004fd10       ?getReturnType@UnDecorator@@CA?AVDName@@PAV2@@Z 10050d10 f   libvcruntimed:undname.obj
 0001:0004fd70       ?getScope@UnDecorator@@CA?AVDName@@XZ 10050d70 f   libvcruntimed:undname.obj
 0001:000503a0       ?getScopedName@UnDecorator@@CA?AVDName@@XZ 100513a0 f   libvcruntimed:undname.obj
 0001:00050500       ?getSignedDimension@UnDecorator@@CA?AVDName@@XZ 10051500 f   libvcruntimed:undname.obj
 0001:000505a0       ?getStorageConvention@UnDecorator@@CA?AVDName@@XZ 100515a0 f i libvcruntimed:undname.obj
 0001:000505c0       ?getString@DName@@QBEPADPAD0@Z 100515c0 f i libvcruntimed:undname.obj
 0001:00050620       ?getString@DName@@QBEPADPADH@Z 10051620 f i libvcruntimed:undname.obj
 0001:000506d0       ?getString@DNameStatusNode@@UBEPADPAD0@Z 100516d0 f i libvcruntimed:undname.obj
 0001:00050710       ?getString@charNode@@UBEPADPAD0@Z 10051710 f i libvcruntimed:undname.obj
 0001:00050750       ?getString@pDNameNode@@UBEPADPAD0@Z 10051750 f i libvcruntimed:undname.obj
 0001:000507a0       ?getString@pairNode@@UBEPADPAD0@Z 100517a0 f i libvcruntimed:undname.obj
 0001:00050840       ?getString@pcharNode@@UBEPADPAD0@Z 10051840 f i libvcruntimed:undname.obj
 0001:00050880       ?getStringEncoding@UnDecorator@@CA?AVDName@@PBDH@Z 10051880 f   libvcruntimed:undname.obj
 0001:000509d0       ?getStringHelper@@YAPADPADPBD1H@Z 100519d0 f i libvcruntimed:undname.obj
 0001:00050a20       ?getSymbolName@UnDecorator@@CA?AVDName@@XZ 10051a20 f i libvcruntimed:undname.obj
 0001:00050ad0       ?getTemplateArgumentList@UnDecorator@@CA?AVDName@@XZ 10051ad0 f   libvcruntimed:undname.obj
 0001:00050fb0       ?getTemplateConstant@UnDecorator@@CA?AVDName@@XZ 10051fb0 f   libvcruntimed:undname.obj
 0001:000516c0       ?getTemplateName@UnDecorator@@CA?AVDName@@_N@Z 100526c0 f   libvcruntimed:undname.obj
 0001:00051900       ?getThisType@UnDecorator@@CA?AVDName@@XZ 10052900 f i libvcruntimed:undname.obj
 0001:00051950       ?getThrowTypes@UnDecorator@@CA?AVDName@@XZ 10052950 f   libvcruntimed:undname.obj
 0001:00051a20       ?getTypeEncoding@UnDecorator@@CAHXZ 10052a20 f i libvcruntimed:undname.obj
 0001:00052730       ?getVCallThunkType@UnDecorator@@CA?AVDName@@XZ 10053730 f i libvcruntimed:undname.obj
 0001:000527b0       ?getVbTableType@UnDecorator@@CA?AVDName@@ABV2@@Z 100537b0 f i libvcruntimed:undname.obj
 0001:000527d0       ?getVdispMapType@UnDecorator@@CA?AVDName@@ABV2@@Z 100537d0 f i libvcruntimed:undname.obj
 0001:00052860       ?getVfTableType@UnDecorator@@CA?AVDName@@ABV2@@Z 10053860 f i libvcruntimed:undname.obj
 0001:00052a90       ?getZName@UnDecorator@@CA?AVDName@@_N0@Z 10053a90 f   libvcruntimed:undname.obj
 0001:00052e10       ?haveTemplateParameters@UnDecorator@@SAHXZ 10053e10 f i libvcruntimed:undname.obj
 0001:00052e30       ?isArray@DName@@QBEHXZ     10053e30 f i libvcruntimed:undname.obj
 0001:00052e50       ?isComArray@DName@@QBEHXZ  10053e50 f i libvcruntimed:undname.obj
 0001:00052e70       ?isEmpty@DName@@QBEHXZ     10053e70 f i libvcruntimed:undname.obj
 0001:00052eb0       ?isFull@Replicator@@QBEHXZ 10053eb0 f i libvcruntimed:undname.obj
 0001:00052ef0       ?isNoTE@DName@@QBEHXZ      10053ef0 f i libvcruntimed:undname.obj
 0001:00052f10       ?isPinPtr@DName@@QBEHXZ    10053f10 f i libvcruntimed:undname.obj
 0001:00052f30       ?isPtrRef@DName@@QBEHXZ    10053f30 f i libvcruntimed:undname.obj
 0001:00052f50       ?isUDC@DName@@QBEHXZ       10053f50 f i libvcruntimed:undname.obj
 0001:00052fa0       ?isUDTThunk@DName@@QBEHXZ  10053fa0 f i libvcruntimed:undname.obj
 0001:00052ff0       ?isVCallThunk@DName@@QBEHXZ 10053ff0 f i libvcruntimed:undname.obj
 0001:00053010       ?isValid@DName@@QBEHXZ     10054010 f i libvcruntimed:undname.obj
 0001:00053050       ?length@DName@@QBEHXZ      10054050 f i libvcruntimed:undname.obj
 0001:000530a0       ?length@DNameStatusNode@@UBEHXZ 100540a0 f i libvcruntimed:undname.obj
 0001:000530c0       ?length@charNode@@UBEHXZ   100540c0 f i libvcruntimed:undname.obj
 0001:000530e0       ?length@pDNameNode@@UBEHXZ 100540e0 f i libvcruntimed:undname.obj
 0001:00053120       ?length@pairNode@@UBEHXZ   10054120 f i libvcruntimed:undname.obj
 0001:000531b0       ?length@pcharNode@@UBEHXZ  100541b0 f i libvcruntimed:undname.obj
 0001:000531d0       ?make@DNameStatusNode@@SAPAV1@W4DNameStatus@@@Z 100541d0 f i libvcruntimed:undname.obj
 0001:00053260       ?setIsArray@DName@@QAEXXZ  10054260 f i libvcruntimed:undname.obj
 0001:00053290       ?setIsComArray@DName@@QAEXXZ 10054290 f i libvcruntimed:undname.obj
 0001:000532c0       ?setIsNoTE@DName@@QAEXXZ   100542c0 f i libvcruntimed:undname.obj
 0001:000532f0       ?setIsPinPtr@DName@@QAEXXZ 100542f0 f i libvcruntimed:undname.obj
 0001:00053320       ?setIsUDC@DName@@QAEXXZ    10054320 f i libvcruntimed:undname.obj
 0001:00053360       ?setIsVCallThunk@DName@@QAEXXZ 10054360 f i libvcruntimed:undname.obj
 0001:00053390       ?setPtrRef@DName@@QAEAAV1@XZ 10054390 f i libvcruntimed:undname.obj
 0001:000533c0       ?status@DName@@QBE?AW4DNameStatus@@XZ 100543c0 f i libvcruntimed:undname.obj
 0001:000534e0       ___unDName                 100544e0 f   libvcruntimed:undname.obj
 0001:000535e0       ___unDNameEx               100545e0 f   libvcruntimed:undname.obj
 0001:000536e0       ___vcrt_initialize_locks   100546e0 f   libvcruntimed:locks.obj
 0001:00053750       ___vcrt_lock               10054750 f   libvcruntimed:locks.obj
 0001:00053770       ___vcrt_uninitialize_locks 10054770 f   libvcruntimed:locks.obj
 0001:000537d0       ___vcrt_unlock             100547d0 f   libvcruntimed:locks.obj
 0001:000537f0       ??$?BX@__crt_fast_encoded_nullptr_t@@QBEPAXXZ 100547f0 f i libvcruntimed:winapi_downlevel.obj
 0001:00053810       ??$__crt_fast_decode_pointer@PAX@@YAPAXQAX@Z 10054810 f i libvcruntimed:winapi_downlevel.obj
 0001:00053840       ??$__crt_fast_encode_pointer@PAX@@YAPAXQAX@Z 10054840 f i libvcruntimed:winapi_downlevel.obj
 0001:00053880       ??$__crt_interlocked_exchange_pointer@UHINSTANCE__@@PAU1@@@YAPAUHINSTANCE__@@PDSAU0@QAU0@@Z 10054880 f i libvcruntimed:winapi_downlevel.obj
 0001:00053890       ??$__crt_interlocked_exchange_pointer@UHINSTANCE__@@PAX@@YAPAUHINSTANCE__@@PDSAU0@QAX@Z 10054890 f i libvcruntimed:winapi_downlevel.obj
 0001:000538a0       ??$__crt_interlocked_exchange_pointer@XPAX@@YAPAXPDSAXQAX@Z 100548a0 f i libvcruntimed:winapi_downlevel.obj
 0001:000538b0       ??$__crt_interlocked_read_pointer@UHINSTANCE__@@@@YAPAUHINSTANCE__@@PDSAU0@@Z 100548b0 f i libvcruntimed:winapi_downlevel.obj
 0001:000538d0       ??$__crt_interlocked_read_pointer@X@@YAPAXPDSAX@Z 100548d0 f i libvcruntimed:winapi_downlevel.obj
 0001:00053de0       ___vcrt_FlsAlloc           10054de0 f   libvcruntimed:winapi_downlevel.obj
 0001:00053e30       ___vcrt_FlsFree            10054e30 f   libvcruntimed:winapi_downlevel.obj
 0001:00053e80       ___vcrt_FlsGetValue        10054e80 f   libvcruntimed:winapi_downlevel.obj
 0001:00053ed0       ___vcrt_FlsSetValue        10054ed0 f   libvcruntimed:winapi_downlevel.obj
 0001:00053f30       ___vcrt_InitializeCriticalSectionEx 10054f30 f   libvcruntimed:winapi_downlevel.obj
 0001:00053f90       ___vcrt_initialize_winapi_thunks 10054f90 f   libvcruntimed:winapi_downlevel.obj
 0001:00054010       ___vcrt_uninitialize_winapi_thunks 10055010 f   libvcruntimed:winapi_downlevel.obj
 0001:000540a0       __global_unwind2           100550a0 f   libvcruntimed:_exsup_.obj
 0001:00054106       __local_unwind2            10055106 f   libvcruntimed:_exsup_.obj
 0001:0005418a       __abnormal_termination     1005518a f   libvcruntimed:_exsup_.obj
 0001:000541b0       __NLG_Notify1              100551b0 f   libvcruntimed:_exsup_.obj
 0001:000541bc       __NLG_Notify               100551bc f   libvcruntimed:_exsup_.obj
 0001:000541d3       __NLG_Dispatch2            100551d3     libvcruntimed:_exsup_.obj
 0001:000541d3       __NLG_Dispatch             100551d3     libvcruntimed:_exsup_.obj
 0001:000541db       __NLG_Call                 100551db f   libvcruntimed:_exsup_.obj
 0001:000541dd       __NLG_Return2              100551dd     libvcruntimed:_exsup_.obj
 0001:00054260       __get_unexpected           10055260 f   libvcruntimed:unexpected.obj
 0001:00054280       _set_unexpected            10055280 f   libvcruntimed:unexpected.obj
 0001:000542c0       _unexpected                100552c0 f   libvcruntimed:unexpected.obj
 0001:00054300       ??$__crt_fast_decode_pointer@P6AXPB_W00II@Z@@YAP6AXPB_W00II@ZQ6AX000II@Z@Z 10055300 f i libucrtd:invalid_parameter.obj
 0001:00054340       ??$__crt_fast_encode_pointer@P6AXPB_W00II@Z@@YAP6AXPB_W00II@ZQ6AX000II@Z@Z 10055340 f i libucrtd:invalid_parameter.obj
 0001:00054380       ?get_current_state_index@__crt_state_management@@YAIXZ 10055380 f i libucrtd:invalid_parameter.obj
 0001:00054390       ?initialize@?$dual_state_global@P6AXPB_W00II@Z@__crt_state_management@@QAEXQ6AXPB_W00II@Z@Z 10055390 f i libucrtd:invalid_parameter.obj
 0001:000543e0       ?value@?$dual_state_global@P6AXPB_W00II@Z@__crt_state_management@@QAEAAP6AXPB_W00II@ZXZ 100553e0 f i libucrtd:invalid_parameter.obj
 0001:00054400       ___acrt_call_reportfault   10055400 f   libucrtd:invalid_parameter.obj
 0001:000545b0       ___acrt_initialize_invalid_parameter_handler 100555b0 f   libucrtd:invalid_parameter.obj
 0001:000545d0       __get_invalid_parameter_handler 100555d0 f   libucrtd:invalid_parameter.obj
 0001:00054600       __get_thread_local_invalid_parameter_handler 10055600 f   libucrtd:invalid_parameter.obj
 0001:00054630       __invalid_parameter        10055630 f   libucrtd:invalid_parameter.obj
 0001:00054730       __invalid_parameter_noinfo 10055730 f   libucrtd:invalid_parameter.obj
 0001:00054750       __invalid_parameter_noinfo_noreturn 10055750 f   libucrtd:invalid_parameter.obj
 0001:00054790       __invoke_watson            10055790 f   libucrtd:invalid_parameter.obj
 0001:000547e0       __set_invalid_parameter_handler 100557e0 f   libucrtd:invalid_parameter.obj
 0001:00054840       __set_thread_local_invalid_parameter_handler 10055840 f   libucrtd:invalid_parameter.obj
 0001:00054880       ___acrt_errno_from_os_error 10055880 f   libucrtd:errno.obj
 0001:00054920       ___acrt_errno_map_os_error 10055920 f   libucrtd:errno.obj
 0001:00054960       ___doserrno                10055960 f   libucrtd:errno.obj
 0001:00054990       __errno                    10055990 f   libucrtd:errno.obj
 0001:000549c0       __get_doserrno             100559c0 f   libucrtd:errno.obj
 0001:00054a70       __get_errno                10055a70 f   libucrtd:errno.obj
 0001:00054b20       __set_doserrno             10055b20 f   libucrtd:errno.obj
 0001:00054b60       __set_errno                10055b60 f   libucrtd:errno.obj
 0001:000550d0       _wcscat_s                  100560d0 f   libucrtd:wcscat_s.obj
 0001:00055100       _free                      10056100 f   libucrtd:free.obj
 0001:00055120       _malloc                    10056120 f   libucrtd:malloc.obj
 0001:00055140       ??$?0ABV?$stream_output_adapter@D@__crt_stdio_output@@AB_KABQBDABQAU__crt_locale_pointers@@ABQAD@?$format_validation_base@DV?$stream_output_adapter@D@__crt_stdio_output@@@__crt_stdio_output@@IAE@ABV?$stream_output_adapter@D@1@AB_KABQBDABQAU__crt_locale_pointers@@ABQAD@Z 10056140 f i libucrtd:output.obj
 0001:00055180       ??$?0ABV?$stream_output_adapter@D@__crt_stdio_output@@AB_KABQBDABQAU__crt_locale_pointers@@ABQAD@?$positional_parameter_base@DV?$stream_output_adapter@D@__crt_stdio_output@@@__crt_stdio_output@@IAE@ABV?$stream_output_adapter@D@1@AB_KABQBDABQAU__crt_locale_pointers@@ABQAD@Z 10056180 f i libucrtd:output.obj
 0001:00055210       ??$?0ABV?$stream_output_adapter@D@__crt_stdio_output@@AB_KABQBDABQAU__crt_locale_pointers@@ABQAD@?$standard_base@DV?$stream_output_adapter@D@__crt_stdio_output@@@__crt_stdio_output@@IAE@ABV?$stream_output_adapter@D@1@AB_KABQBDABQAU__crt_locale_pointers@@ABQAD@Z 10056210 f i libucrtd:output.obj
 0001:00055270       ??$?0ABV?$stream_output_adapter@_W@__crt_stdio_output@@AB_KABQB_WABQAU__crt_locale_pointers@@ABQAD@?$format_validation_base@_WV?$stream_output_adapter@_W@__crt_stdio_output@@@__crt_stdio_output@@IAE@ABV?$stream_output_adapter@_W@1@AB_KABQB_WABQAU__crt_locale_pointers@@ABQAD@Z 10056270 f i libucrtd:output.obj
[...]
 0004:0000007c       __imp__FindFirstFileExW@24 1013f07c     kernel32:KERNEL32.dll
 0004:00000080       __imp__FindFirstFileExA@24 1013f080     kernel32:KERNEL32.dll
 0004:00000084       __imp__FindClose@4         1013f084     kernel32:KERNEL32.dll
 0004:00000088       __imp__HeapQueryInformation@20 1013f088     kernel32:KERNEL32.dll
 0004:0000008c       __imp__HeapSize@12         1013f08c     kernel32:KERNEL32.dll
 0004:00000090       __imp__SetConsoleCtrlHandler@8 1013f090     kernel32:KERNEL32.dll
 0004:00000094       __imp__WaitForSingleObjectEx@12 1013f094     kernel32:KERNEL32.dll
 0004:00000098       __imp__WriteConsoleW@20    1013f098     kernel32:KERNEL32.dll
 0004:0000009c       __imp__OutputDebugStringW@4 1013f09c     kernel32:KERNEL32.dll
 0004:000000a0       __imp__WriteFile@20        1013f0a0     kernel32:KERNEL32.dll
 0004:000000a4       __imp__DecodePointer@4     1013f0a4     kernel32:KERNEL32.dll
 0004:000000a8       __imp__EnumSystemLocalesW@8 1013f0a8     kernel32:KERNEL32.dll
 0004:000000ac       __imp__GetUserDefaultLCID@0 1013f0ac     kernel32:KERNEL32.dll
 0004:000000b0       __imp__IsValidLocale@8     1013f0b0     kernel32:KERNEL32.dll
 0004:000000b4       __imp__GetLocaleInfoW@16   1013f0b4     kernel32:KERNEL32.dll
 0004:000000b8       __imp__LCMapStringW@24     1013f0b8     kernel32:KERNEL32.dll
 0004:000000bc       __imp__CompareStringW@24   1013f0bc     kernel32:KERNEL32.dll
 0004:000000c0       __imp__GetTimeFormatW@24   1013f0c0     kernel32:KERNEL32.dll
 0004:000000c4       __imp__GetEnvironmentStringsW@0 1013f0c4     kernel32:KERNEL32.dll
 0004:000000c8       __imp__GetStringTypeW@16   1013f0c8     kernel32:KERNEL32.dll
 0004:000000cc       __imp__GetFileType@4       1013f0cc     kernel32:KERNEL32.dll
 0004:000000d0       __imp__GetStdHandle@4      1013f0d0     kernel32:KERNEL32.dll
 0004:000000d4       __imp__GetACP@0            1013f0d4     kernel32:KERNEL32.dll
 0004:000000d8       __imp__GetCurrentThread@0  1013f0d8     kernel32:KERNEL32.dll
 0004:000000dc       __imp__ExitProcess@4       1013f0dc     kernel32:KERNEL32.dll
 0004:000000e0       __imp__GetSystemInfo@4     1013f0e0     kernel32:KERNEL32.dll
 0004:000000e4       __imp__HeapValidate@12     1013f0e4     kernel32:KERNEL32.dll
 0004:000000e8       __imp__GetModuleFileNameA@12 1013f0e8     kernel32:KERNEL32.dll
 0004:000000ec       __imp__GetModuleHandleExW@12 1013f0ec     kernel32:KERNEL32.dll
 0004:000000f0       __imp__FreeLibraryAndExitThread@8 1013f0f0     kernel32:KERNEL32.dll
 0004:000000f4       __imp__ExitThread@4        1013f0f4     kernel32:KERNEL32.dll
 0004:000000f8       __imp__CreateThread@24     1013f0f8     kernel32:KERNEL32.dll
 0004:000000fc       __imp__TlsFree@4           1013f0fc     kernel32:KERNEL32.dll
 0004:00000100       __imp__TlsSetValue@8       1013f100     kernel32:KERNEL32.dll
 0004:00000104       __imp__TlsGetValue@4       1013f104     kernel32:KERNEL32.dll
 0004:00000108       __imp__TlsAlloc@0          1013f108     kernel32:KERNEL32.dll
 0004:0000010c       __imp__InitializeCriticalSectionAndSpinCount@8 1013f10c     kernel32:KERNEL32.dll
 0004:00000110       __imp__DeleteCriticalSection@4 1013f110     kernel32:KERNEL32.dll
 0004:00000114       __imp__LeaveCriticalSection@4 1013f114     kernel32:KERNEL32.dll
 0004:00000118       __imp__EnterCriticalSection@4 1013f118     kernel32:KERNEL32.dll
 0004:0000011c       __imp__EncodePointer@4     1013f11c     kernel32:KERNEL32.dll
 0004:00000120       __imp__LoadLibraryExW@12   1013f120     kernel32:KERNEL32.dll
 0004:00000124       __imp__InterlockedFlushSList@4 1013f124     kernel32:KERNEL32.dll
 0004:00000128       __imp__InterlockedPushEntrySList@8 1013f128     kernel32:KERNEL32.dll
 0004:0000012c       __imp__FreeLibrary@4       1013f12c     kernel32:KERNEL32.dll
 0004:00000130       __imp__FreeEnvironmentStringsW@4 1013f130     kernel32:KERNEL32.dll
 0004:00000134       __imp__SetEnvironmentVariableA@8 1013f134     kernel32:KERNEL32.dll
 0004:00000138       __imp__SetEnvironmentVariableW@8 1013f138     kernel32:KERNEL32.dll
 0004:0000013c       __imp__SetStdHandle@8      1013f13c     kernel32:KERNEL32.dll
 0004:00000140       __imp__GetConsoleCP@0      1013f140     kernel32:KERNEL32.dll
 0004:00000144       __imp__GetConsoleMode@8    1013f144     kernel32:KERNEL32.dll
 0004:00000148       __imp__SetFilePointerEx@20 1013f148     kernel32:KERNEL32.dll
 0004:0000014c       __imp__FlushFileBuffers@4  1013f14c     kernel32:KERNEL32.dll
 0004:00000150       __imp__ReadFile@20         1013f150     kernel32:KERNEL32.dll
 0004:00000154       __imp__ReadConsoleW@20     1013f154     kernel32:KERNEL32.dll
 0004:00000158       __imp__GetDateFormatW@24   1013f158     kernel32:KERNEL32.dll
 0004:0000015c       __imp__lstrcmpiW@8         1013f15c     kernel32:KERNEL32.dll
 0004:00000160       __imp__GetProcessHeap@0    1013f160     kernel32:KERNEL32.dll
 0004:00000164       __imp__GetStartupInfoW@4   1013f164     kernel32:KERNEL32.dll
 0004:00000168       __imp__InitializeSListHead@4 1013f168     kernel32:KERNEL32.dll
 0004:0000016c       __imp__GetSystemTimeAsFileTime@4 1013f16c     kernel32:KERNEL32.dll
 0004:00000170       __imp__GetCurrentThreadId@0 1013f170     kernel32:KERNEL32.dll
 0004:00000174       __imp__QueryPerformanceCounter@4 1013f174     kernel32:KERNEL32.dll
 0004:00000178       __imp__WideCharToMultiByte@32 1013f178     kernel32:KERNEL32.dll
 0004:0000017c       __imp__MultiByteToWideChar@24 1013f17c     kernel32:KERNEL32.dll
 0004:00000180       __imp__RaiseException@16   1013f180     kernel32:KERNEL32.dll
 0004:00000184       __imp__IsDebuggerPresent@0 1013f184     kernel32:KERNEL32.dll
 0004:00000188       __imp__IsProcessorFeaturePresent@4 1013f188     kernel32:KERNEL32.dll
 0004:0000018c       __imp__TerminateProcess@8  1013f18c     kernel32:KERNEL32.dll
 0004:00000190       __imp__GetCurrentProcess@0 1013f190     kernel32:KERNEL32.dll
 0004:00000194       __imp__GetProcAddress@8    1013f194     kernel32:KERNEL32.dll
 0004:00000198       __imp__GetVersion@0        1013f198     kernel32:KERNEL32.dll
 0004:0000019c       __imp__VirtualQuery@12     1013f19c     kernel32:KERNEL32.dll
 0004:000001a0       __imp__GetLastError@0      1013f1a0     kernel32:KERNEL32.dll
 0004:000001a4       __imp__SetLastError@4      1013f1a4     kernel32:KERNEL32.dll
 0004:000001a8       __imp__LoadLibraryW@4      1013f1a8     kernel32:KERNEL32.dll
 0004:000001ac       __imp__GetModuleFileNameW@12 1013f1ac     kernel32:KERNEL32.dll
 0004:000001b0       __imp__GetModuleHandleA@4  1013f1b0     kernel32:KERNEL32.dll
 0004:000001b4       __imp__GetModuleHandleW@4  1013f1b4     kernel32:KERNEL32.dll
 0004:000001b8       __imp__OutputDebugStringA@4 1013f1b8     kernel32:KERNEL32.dll
 0004:000001bc       __imp__GetFileAttributesW@4 1013f1bc     kernel32:KERNEL32.dll
 0004:000001c0       __imp__GetCurrentProcessId@0 1013f1c0     kernel32:KERNEL32.dll
 0004:000001c4       __imp__OpenThread@12       1013f1c4     kernel32:KERNEL32.dll
 0004:000001c8       __imp__GetThreadContext@8  1013f1c8     kernel32:KERNEL32.dll
 0004:000001cc       __imp__CloseHandle@4       1013f1cc     kernel32:KERNEL32.dll
 0004:000001d0       __imp__CreateToolhelp32Snapshot@8 1013f1d0     kernel32:KERNEL32.dll
 0004:000001d4       __imp__Thread32First@8     1013f1d4     kernel32:KERNEL32.dll
 0004:000001d8       __imp__Thread32Next@8      1013f1d8     kernel32:KERNEL32.dll
 0004:000001dc       __imp__GetTickCount@0      1013f1dc     kernel32:KERNEL32.dll
 0004:000001e0       __imp__Heap32ListFirst@8   1013f1e0     kernel32:KERNEL32.dll
 0004:000001e4       __imp__Heap32ListNext@8    1013f1e4     kernel32:KERNEL32.dll
 0004:000001e8       __imp__Heap32First@12      1013f1e8     kernel32:KERNEL32.dll
 0004:000001ec       __imp__Heap32Next@4        1013f1ec     kernel32:KERNEL32.dll
 0004:000001f0       __imp__LoadLibraryA@4      1013f1f0     kernel32:KERNEL32.dll
 0004:000001f4       __imp__CreateFileW@28      1013f1f4     kernel32:KERNEL32.dll
 0004:000001f8       __imp__lstrcpyW@8          1013f1f8     kernel32:KERNEL32.dll
 0004:000001fc       __imp__Module32FirstW@8    1013f1fc     kernel32:KERNEL32.dll
 0004:00000200       __imp__Module32NextW@8     1013f200     kernel32:KERNEL32.dll
 0004:00000204       __imp__FreeResource@4      1013f204     kernel32:KERNEL32.dll
 0004:00000208       __imp__LockResource@4      1013f208     kernel32:KERNEL32.dll
 0004:0000020c       __imp__LoadResource@8      1013f20c     kernel32:KERNEL32.dll
 0004:00000210       __imp__SizeofResource@8    1013f210     kernel32:KERNEL32.dll
 0004:00000214       __imp__FindResourceW@12    1013f214     kernel32:KERNEL32.dll
 0004:00000218       __imp__GetThreadPriority@4 1013f218     kernel32:KERNEL32.dll
 0004:0000021c       __imp__SuspendThread@4     1013f21c     kernel32:KERNEL32.dll
 0004:00000220       __imp__ResumeThread@4      1013f220     kernel32:KERNEL32.dll
 0004:00000224       __imp__VirtualProtect@16   1013f224     kernel32:KERNEL32.dll
 0004:00000228       __imp__GetThreadSelectorEntry@12 1013f228     kernel32:KERNEL32.dll
 0004:0000022c       __imp__WriteProcessMemory@20 1013f22c     kernel32:KERNEL32.dll
 0004:00000230       __imp__HeapCreate@12       1013f230     kernel32:KERNEL32.dll
 0004:00000234       __imp__HeapDestroy@4       1013f234     kernel32:KERNEL32.dll
 0004:00000238       __imp__HeapAlloc@12        1013f238     kernel32:KERNEL32.dll
 0004:0000023c       __imp__HeapReAlloc@16      1013f23c     kernel32:KERNEL32.dll
 0004:00000240       __imp__HeapFree@12         1013f240     kernel32:KERNEL32.dll
 0004:00000244       __imp__HeapCompact@8       1013f244     kernel32:KERNEL32.dll
 0004:00000248       __imp__HeapSetInformation@16 1013f248     kernel32:KERNEL32.dll
 0004:0000024c       __imp__UnhandledExceptionFilter@4 1013f24c     kernel32:KERNEL32.dll
 0004:00000250       __imp__SetUnhandledExceptionFilter@4 1013f250     kernel32:KERNEL32.dll
 0004:00000254       \177KERNEL32_NULL_THUNK_DATA 1013f254     kernel32:KERNEL32.dll
 0004:000002e4       __imp__LoadRegTypeLib@20   1013f2e4     oleaut32:OLEAUT32.dll
 0004:000002e8       __imp__LoadTypeLib@8       1013f2e8     oleaut32:OLEAUT32.dll
 0004:000002ec       __imp__SysFreeString@4     1013f2ec     oleaut32:OLEAUT32.dll
 0004:000002f0       __imp__QueryPathOfRegTypeLib@20 1013f2f0     oleaut32:OLEAUT32.dll
 0004:000002f4       \177OLEAUT32_NULL_THUNK_DATA 1013f2f4     oleaut32:OLEAUT32.dll
 0004:00000320       __imp__GetMappedFileNameW@16 1013f320     Psapi:PSAPI.DLL
 0004:00000324       \177PSAPI_NULL_THUNK_DATA  1013f324     Psapi:PSAPI.DLL
 0004:00000350       __imp__ShellExecuteW@24    1013f350     shell32:SHELL32.dll
 0004:00000354       \177SHELL32_NULL_THUNK_DATA 1013f354     shell32:SHELL32.dll
 0004:00000380       __imp__SendMessageW@16     1013f380     user32:USER32.dll
 0004:00000384       __imp__DestroyWindow@4     1013f384     user32:USER32.dll
 0004:00000388       __imp__DrawEdge@16         1013f388     user32:USER32.dll
 0004:0000038c       __imp__MoveWindow@24       1013f38c     user32:USER32.dll
 0004:00000390       __imp__CreateWindowExW@48  1013f390     user32:USER32.dll
 0004:00000394       __imp__DialogBoxParamW@20  1013f394     user32:USER32.dll
 0004:00000398       __imp__SetFocus@4          1013f398     user32:USER32.dll
 0004:0000039c       __imp__GetKeyState@4       1013f39c     user32:USER32.dll
 0004:000003a0       __imp__DrawTextW@20        1013f3a0     user32:USER32.dll
 0004:000003a4       __imp__UpdateWindow@4      1013f3a4     user32:USER32.dll
 0004:000003a8       __imp__BeginPaint@8        1013f3a8     user32:USER32.dll
 0004:000003ac       __imp__EndPaint@8          1013f3ac     user32:USER32.dll
 0004:000003b0       __imp__InvalidateRect@12   1013f3b0     user32:USER32.dll
 0004:000003b4       __imp__SetScrollPos@16     1013f3b4     user32:USER32.dll
 0004:000003b8       __imp__GetClientRect@8     1013f3b8     user32:USER32.dll
 0004:000003bc       __imp__FillRect@12         1013f3bc     user32:USER32.dll
 0004:000003c0       __imp__GetMessageW@16      1013f3c0     user32:USER32.dll
 0004:000003c4       __imp__MessageBoxW@16      1013f3c4     user32:USER32.dll
 0004:000003c8       __imp__GetWindowRect@8     1013f3c8     user32:USER32.dll
 0004:000003cc       __imp__GetWindowTextLengthW@4 1013f3cc     user32:USER32.dll
 0004:000003d0       __imp__SetWindowTextW@8    1013f3d0     user32:USER32.dll
 0004:000003d4       __imp__SetWindowTextA@8    1013f3d4     user32:USER32.dll
 0004:000003d8       __imp__KillTimer@8         1013f3d8     user32:USER32.dll
 0004:000003dc       __imp__GetDlgItem@8        1013f3dc     user32:USER32.dll
 0004:000003e0       __imp__EndDialog@8         1013f3e0     user32:USER32.dll
 0004:000003e4       __imp__GetCursorPos@4      1013f3e4     user32:USER32.dll
 0004:000003e8       __imp__TrackPopupMenu@28   1013f3e8     user32:USER32.dll
 0004:000003ec       __imp__GetSubMenu@8        1013f3ec     user32:USER32.dll
 0004:000003f0       __imp__CheckMenuItem@12    1013f3f0     user32:USER32.dll
 0004:000003f4       __imp__SendMessageA@16     1013f3f4     user32:USER32.dll
 0004:000003f8       __imp__PeekMessageW@20     1013f3f8     user32:USER32.dll
 0004:000003fc       __imp__DispatchMessageW@4  1013f3fc     user32:USER32.dll
 0004:00000400       __imp__TranslateMessage@4  1013f400     user32:USER32.dll
 0004:00000404       __imp__SetWindowLongW@12   1013f404     user32:USER32.dll
 0004:00000408       __imp__GetWindowLongW@8    1013f408     user32:USER32.dll
 0004:0000040c       __imp__MessageBeep@4       1013f40c     user32:USER32.dll
 0004:00000410       __imp__GetWindowTextW@12   1013f410     user32:USER32.dll
 0004:00000414       __imp__DefFrameProcW@20    1013f414     user32:USER32.dll
 0004:00000418       __imp__LoadImageW@24       1013f418     user32:USER32.dll
 0004:0000041c       __imp__DestroyIcon@4       1013f41c     user32:USER32.dll
 0004:00000420       __imp__LoadCursorW@8       1013f420     user32:USER32.dll
 0004:00000424       __imp__DestroyMenu@4       1013f424     user32:USER32.dll
 0004:00000428       __imp__LoadMenuW@8         1013f428     user32:USER32.dll
 0004:0000042c       __imp__RegisterClassExW@4  1013f42c     user32:USER32.dll
 0004:00000430       __imp__UnregisterClassW@8  1013f430     user32:USER32.dll
 0004:00000434       __imp__PostQuitMessage@4   1013f434     user32:USER32.dll
 0004:00000438       __imp__SendDlgItemMessageW@20 1013f438     user32:USER32.dll
 0004:0000043c       __imp__CreateDialogParamW@20 1013f43c     user32:USER32.dll
 0004:00000440       __imp__ShowWindow@8        1013f440     user32:USER32.dll
 0004:00000444       __imp__SetWindowPos@28     1013f444     user32:USER32.dll
 0004:00000448       __imp__DefMDIChildProcW@16 1013f448     user32:USER32.dll
 0004:0000044c       __imp__GetScrollInfo@12    1013f44c     user32:USER32.dll
 0004:00000450       \177USER32_NULL_THUNK_DATA 1013f450     user32:USER32.dll
 0004:000004a4       __imp__strchr              1013f4a4     ntdll:ntdll.dll
 0004:000004a8       __imp___allrem             1013f4a8     ntdll:ntdll.dll
 0004:000004ac       __imp___alldiv             1013f4ac     ntdll:ntdll.dll
 0004:000004b0       __imp__strrchr             1013f4b0     ntdll:ntdll.dll
 0004:000004b4       __imp___chkstk             1013f4b4     ntdll:ntdll.dll
 0004:000004b8       __imp___allmul             1013f4b8     ntdll:ntdll.dll
 0004:000004bc       __imp___aullrem            1013f4bc     ntdll:ntdll.dll
 0004:000004c0       __imp___aulldiv            1013f4c0     ntdll:ntdll.dll
 0004:000004c4       __imp__RtlUnwind@16        1013f4c4     ntdll:ntdll.dll
 0004:000004c8       __imp__sprintf             1013f4c8     ntdll:ntdll.dll
 0004:000004cc       __imp__wcschr              1013f4cc     ntdll:ntdll.dll
 0004:000004d0       __imp__memmove             1013f4d0     ntdll:ntdll.dll
 0004:000004d4       __imp__memcpy              1013f4d4     ntdll:ntdll.dll
 0004:000004d8       __imp__memset              1013f4d8     ntdll:ntdll.dll
 0004:000004dc       __imp__wcslen              1013f4dc     ntdll:ntdll.dll
 0004:000004e0       __imp__wcscmp              1013f4e0     ntdll:ntdll.dll
 0004:000004e4       __imp___aullshr            1013f4e4     ntdll:ntdll.dll
 0004:000004e8       __imp___allshl             1013f4e8     ntdll:ntdll.dll
 0004:000004ec       __imp__strcmp              1013f4ec     ntdll:ntdll.dll
 0004:000004f0       __imp__memcmp              1013f4f0     ntdll:ntdll.dll
 0004:000004f4       __imp__strlen              1013f4f4     ntdll:ntdll.dll
 0004:000004f8       \177ntdll_NULL_THUNK_DATA  1013f4f8     ntdll:ntdll.dll
 0004:00000534       __imp__CoCreateInstance@20 1013f534     ole32:ole32.dll
 0004:00000538       __imp__CoInitialize@4      1013f538     ole32:ole32.dll
 0004:0000053c       __imp__CoUninitialize@0    1013f53c     ole32:ole32.dll
 0004:00000540       \177ole32_NULL_THUNK_DATA  1013f540     ole32:ole32.dll
 0004:0000056c       __IMPORT_DESCRIPTOR_ntdll  1013f56c     ntdll:ntdll.dll
 0004:00000580       __IMPORT_DESCRIPTOR_USER32 1013f580     user32:USER32.dll
 0004:00000594       __IMPORT_DESCRIPTOR_GDI32  1013f594     gdi32:GDI32.dll
 0004:000005a8       __IMPORT_DESCRIPTOR_PSAPI  1013f5a8     Psapi:PSAPI.DLL
 0004:000005bc       __IMPORT_DESCRIPTOR_SHELL32 1013f5bc     shell32:SHELL32.dll
 0004:000005d0       __IMPORT_DESCRIPTOR_ole32  1013f5d0     ole32:ole32.dll
 0004:000005e4       __IMPORT_DESCRIPTOR_OLEAUT32 1013f5e4     oleaut32:OLEAUT32.dll
 0004:000005f8       __IMPORT_DESCRIPTOR_KERNEL32 1013f5f8     kernel32:KERNEL32.dll
 0004:0000060c       __NULL_IMPORT_DESCRIPTOR   1013f60c     ntdll:ntdll.dll
 0005:00003580       ?pvbinst@@3PAPBU_VB_PCODE_LEAD_INST@@A 10144580     pcodeinstset.obj
 0005:00003594       ?pcit_ive@@3PBDB           10144594     pcodeinstset.obj
 0005:00003598       ?pcit_unk@@3PBDB           10144598     pcodeinstset.obj
 0005:000035a0       ?PCodeStdInst@@3QBU_VB_PCODE_STD_INST@@B 101445a0     pcodeinstset.obj
 0005:00004550       ?PCodeLead0Inst@@3QBU_VB_PCODE_LEAD_INST@@B 10145550     pcodeinstset.obj
 0005:00005150       ?PCodeLead1Inst@@3QBU_VB_PCODE_LEAD_INST@@B 10146150     pcodeinstset.obj
 0005:00005d50       ?PCodeLead2Inst@@3QBU_VB_PCODE_LEAD_INST@@B 10146d50     pcodeinstset.obj
 0005:00006950       ?PCodeLead3Inst@@3QBU_VB_PCODE_LEAD_INST@@B 10147950     pcodeinstset.obj
 0005:00007550       ?PCodeLead4Inst@@3QBU_VB_PCODE_LEAD_INST@@B 10148550     pcodeinstset.obj
 0006:00000000       ?InstBreak@@3GA            1014b000     pcodevm.obj
 0006:00000004       ?BreakFlag@@3GA            1014b004     pcodevm.obj
 0006:00000014       ?vmsignature@@3HA          1014b014     pcodevm.obj
 0006:00000018       ?vmkeyopcode@@3HA          1014b018     pcodevm.obj
 0006:00000020       ?Le4FuncTable@@3PAHA       1014b020     pcodevm.obj
 0006:00000420       ?Le3FuncTable@@3PAHA       1014b420     pcodevm.obj
 0006:00000820       ?Le2FuncTable@@3PAHA       1014b820     pcodevm.obj
 0006:00000c20       ?Le1FuncTable@@3PAHA       1014bc20     pcodevm.obj
 0006:00001020       ?Le0FuncTable@@3PAHA       1014c020     pcodevm.obj
 0006:00001420       ?StdFuncTable@@3PAHA       1014c420     pcodevm.obj
 0006:00001820       ?PVM_StdFunc@@YGXXZ        1014c820 f   pcodevm.obj
 0006:00001830       ?PVM_Le0Func@@YGXXZ        1014c830 f   pcodevm.obj
 0006:00001840       ?PVM_Le1Func@@YGXXZ        1014c840 f   pcodevm.obj
 0006:00001850       ?PVM_Le2Func@@YGXXZ        1014c850 f   pcodevm.obj
 0006:00001860       ?PVM_Le3Func@@YGXXZ        1014c860 f   pcodevm.obj
 0006:00001870       ?PVM_Le4Func@@YGXXZ        1014c870 f   pcodevm.obj
 0006:00001880       ?PVM_UnknowFunction@@YGXXZ 1014c880 f   pcodevm.obj
 0006:00001890       ?SetPCodeVMHook@@YGHXZ     1014c890 f   pcodevm.obj
 0006:00001ec0       ?UnVMHook@@YGHXZ           1014cec0 f   pcodevm.obj
 0007:00000000       ___guard_check_icall_fptr  1014e000     LIBCMTD:guard_support.obj
